Archive member included to satisfy reference by file (symbol)

/usr/lib/gcc/arm-none-eabi/4.9.3/../../../arm-none-eabi/lib/armv7e-m/fpu/libg.a(lib_a-ctype_.o)
                              build/obj/main.o (symbol from plugin) (__ctype_ptr__)
/usr/lib/gcc/arm-none-eabi/4.9.3/../../../arm-none-eabi/lib/armv7e-m/fpu/libg.a(lib_a-strtol.o)
                              build/obj/main.o (symbol from plugin) (strtol)
/usr/lib/gcc/arm-none-eabi/4.9.3/../../../arm-none-eabi/lib/armv7e-m/fpu/libg.a(lib_a-impure.o)
                              /usr/lib/gcc/arm-none-eabi/4.9.3/../../../arm-none-eabi/lib/armv7e-m/fpu/libg.a(lib_a-strtol.o) (_impure_ptr)
/usr/lib/gcc/arm-none-eabi/4.9.3/armv7e-m/fpu/libgcc.a(_arm_addsubdf3.o)
                              /tmp/ccJYncID.ltrans2.ltrans.o (__aeabi_f2d)
/usr/lib/gcc/arm-none-eabi/4.9.3/../../../arm-none-eabi/lib/armv7e-m/fpu/libg.a(lib_a-memset.o)
                              /tmp/ccJYncID.ltrans3.ltrans.o (memset)
/usr/lib/gcc/arm-none-eabi/4.9.3/../../../arm-none-eabi/lib/armv7e-m/fpu/libg.a(lib_a-strcasecmp.o)
                              /tmp/ccJYncID.ltrans3.ltrans.o (strcasecmp)
/usr/lib/gcc/arm-none-eabi/4.9.3/../../../arm-none-eabi/lib/armv7e-m/fpu/libg.a(lib_a-strlen.o)
                              /tmp/ccJYncID.ltrans3.ltrans.o (strlen)
/usr/lib/gcc/arm-none-eabi/4.9.3/../../../arm-none-eabi/lib/armv7e-m/fpu/libg.a(lib_a-strpbrk.o)
                              /tmp/ccJYncID.ltrans4.ltrans.o (strpbrk)
/usr/lib/gcc/arm-none-eabi/4.9.3/../../../arm-none-eabi/lib/armv7e-m/fpu/libg.a(lib_a-strspn.o)
                              /tmp/ccJYncID.ltrans4.ltrans.o (strspn)

Discarded input sections

 .data          0x0000000000000000        0x0 build/obj/crt0_v7m.o
 .bss           0x0000000000000000        0x0 build/obj/crt0_v7m.o
 .data          0x0000000000000000        0x0 build/obj/chcoreasm_v7m.o
 .bss           0x0000000000000000        0x0 build/obj/chcoreasm_v7m.o
 .text          0x0000000000000000        0x0 build/obj/crt1.o (symbol from plugin)
 .text          0x0000000000000000        0x0 /tmp/ccJYncID.ltrans0.ltrans.o
 .data          0x0000000000000000        0x0 /tmp/ccJYncID.ltrans0.ltrans.o
 .bss           0x0000000000000000        0x0 /tmp/ccJYncID.ltrans0.ltrans.o
 .text          0x0000000000000000        0x0 /tmp/ccJYncID.ltrans1.ltrans.o
 .data          0x0000000000000000        0x0 /tmp/ccJYncID.ltrans1.ltrans.o
 .bss           0x0000000000000000        0x0 /tmp/ccJYncID.ltrans1.ltrans.o
 .text          0x0000000000000000        0x0 /tmp/ccJYncID.ltrans2.ltrans.o
 .data          0x0000000000000000        0x0 /tmp/ccJYncID.ltrans2.ltrans.o
 .bss           0x0000000000000000        0x0 /tmp/ccJYncID.ltrans2.ltrans.o
 .text          0x0000000000000000        0x0 /tmp/ccJYncID.ltrans3.ltrans.o
 .data          0x0000000000000000        0x0 /tmp/ccJYncID.ltrans3.ltrans.o
 .bss           0x0000000000000000        0x0 /tmp/ccJYncID.ltrans3.ltrans.o
 .text          0x0000000000000000        0x0 /tmp/ccJYncID.ltrans4.ltrans.o
 .data          0x0000000000000000        0x0 /tmp/ccJYncID.ltrans4.ltrans.o
 .bss           0x0000000000000000        0x0 /tmp/ccJYncID.ltrans4.ltrans.o
 .text          0x0000000000000000        0x0 build/obj/vectors.o (symbol from plugin)
 .text          0x0000000000000000        0x0 build/obj/chsys.o (symbol from plugin)
 .text          0x0000000000000000        0x0 build/obj/chdebug.o (symbol from plugin)
 .text          0x0000000000000000        0x0 build/obj/chvt.o (symbol from plugin)
 .text          0x0000000000000000        0x0 build/obj/chschd.o (symbol from plugin)
 .text          0x0000000000000000        0x0 build/obj/chthreads.o (symbol from plugin)
 .text          0x0000000000000000        0x0 build/obj/chtm.o (symbol from plugin)
 .text          0x0000000000000000        0x0 build/obj/chdynamic.o (symbol from plugin)
 .text          0x0000000000000000        0x0 build/obj/chregistry.o (symbol from plugin)
 .text          0x0000000000000000        0x0 build/obj/chsem.o (symbol from plugin)
 .text          0x0000000000000000        0x0 build/obj/chmtx.o (symbol from plugin)
 .text          0x0000000000000000        0x0 build/obj/chcond.o (symbol from plugin)
 .text          0x0000000000000000        0x0 build/obj/chevents.o (symbol from plugin)
 .text          0x0000000000000000        0x0 build/obj/chmsg.o (symbol from plugin)
 .text          0x0000000000000000        0x0 build/obj/chmboxes.o (symbol from plugin)
 .text          0x0000000000000000        0x0 build/obj/chqueues.o (symbol from plugin)
 .text          0x0000000000000000        0x0 build/obj/chmemcore.o (symbol from plugin)
 .text          0x0000000000000000        0x0 build/obj/chheap.o (symbol from plugin)
 .text          0x0000000000000000        0x0 build/obj/chmempools.o (symbol from plugin)
 .text          0x0000000000000000        0x0 build/obj/chcore.o (symbol from plugin)
[...]
Memory Configuration

Name             Origin             Length             Attributes
flash            0x0000000008000000 0x0000000000040000
ram0             0x0000000020000000 0x000000000000a000
ram1             0x0000000000000000 0x0000000000000000
ram2             0x0000000000000000 0x0000000000000000
ram3             0x0000000000000000 0x0000000000000000
ram4             0x0000000010000000 0x0000000000002000
ram5             0x0000000000000000 0x0000000000000000
ram6             0x0000000000000000 0x0000000000000000
ram7             0x0000000000000000 0x0000000000000000
*default*        0x0000000000000000 0xffffffffffffffff

Linker script and memory map

LOAD build/obj/crt0_v7m.o
LOAD build/obj/chcoreasm_v7m.o
LOAD build/obj/crt1.o
LOAD /tmp/ccJYncID.ltrans0.ltrans.o
LOAD /tmp/ccJYncID.ltrans1.ltrans.o
LOAD /tmp/ccJYncID.ltrans2.ltrans.o
LOAD /tmp/ccJYncID.ltrans3.ltrans.o
LOAD /tmp/ccJYncID.ltrans4.ltrans.o
LOAD build/obj/vectors.o
LOAD build/obj/chsys.o
LOAD build/obj/chdebug.o
LOAD build/obj/chvt.o
LOAD build/obj/chschd.o
LOAD build/obj/chthreads.o
LOAD build/obj/chtm.o
LOAD build/obj/chdynamic.o
LOAD build/obj/chregistry.o
LOAD build/obj/chsem.o
LOAD build/obj/chmtx.o
LOAD build/obj/chcond.o
LOAD build/obj/chevents.o
LOAD build/obj/chmsg.o
LOAD build/obj/chmboxes.o
LOAD build/obj/chqueues.o
LOAD build/obj/chmemcore.o
LOAD build/obj/chheap.o
LOAD build/obj/chmempools.o
LOAD build/obj/chcore.o
LOAD build/obj/chcore_v7m.o
LOAD build/obj/osal.o
LOAD build/obj/hal.o
LOAD build/obj/st.o
LOAD build/obj/hal_queues.o
LOAD build/obj/hal_mmcsd.o
LOAD build/obj/adc.o
LOAD build/obj/ext.o
LOAD build/obj/i2c.o
LOAD build/obj/pal.o
LOAD build/obj/pwm.o
LOAD build/obj/serial.o
LOAD build/obj/nvic.o
LOAD build/obj/stm32_dma.o
LOAD build/obj/hal_lld.o
LOAD build/obj/st_lld.o
LOAD build/obj/adc_lld.o
LOAD build/obj/ext_lld_isr.o
LOAD build/obj/ext_lld.o
LOAD build/obj/pal_lld.o
LOAD build/obj/i2c_lld.o
LOAD build/obj/pwm_lld.o
LOAD build/obj/serial_lld.o
LOAD build/obj/board.o
LOAD build/obj/memstreams.o
LOAD build/obj/chprintf.o
LOAD build/obj/myshell.o
LOAD build/obj/main.o
                0x0000000020000000                __ram0_start__ = ORIGIN (ram0)
                0x000000000000a000                __ram0_size__ = LENGTH (ram0)
                0x000000002000a000                __ram0_end__ = (__ram0_start__ + __ram0_size__)
                0x0000000000000000                __ram1_start__ = ORIGIN (ram1)
                0x0000000000000000                __ram1_size__ = LENGTH (ram1)
                0x0000000000000000                __ram1_end__ = (__ram1_start__ + __ram1_size__)
                0x0000000000000000                __ram2_start__ = ORIGIN (ram2)
                0x0000000000000000                __ram2_size__ = LENGTH (ram2)
                0x0000000000000000                __ram2_end__ = (__ram2_start__ + __ram2_size__)
                0x0000000000000000                __ram3_start__ = ORIGIN (ram3)
                0x0000000000000000                __ram3_size__ = LENGTH (ram3)
                0x0000000000000000                __ram3_end__ = (__ram3_start__ + __ram3_size__)
                0x0000000010000000                __ram4_start__ = ORIGIN (ram4)
                0x0000000000002000                __ram4_size__ = LENGTH (ram4)
                0x0000000010002000                __ram4_end__ = (__ram4_start__ + __ram4_size__)
                0x0000000000000000                __ram5_start__ = ORIGIN (ram5)
                0x0000000000000000                __ram5_size__ = LENGTH (ram5)
                0x0000000000000000                __ram5_end__ = (__ram5_start__ + __ram5_size__)
                0x0000000000000000                __ram6_start__ = ORIGIN (ram6)
                0x0000000000000000                __ram6_size__ = LENGTH (ram6)
                0x0000000000000000                __ram6_end__ = (__ram6_start__ + __ram6_size__)
                0x0000000000000000                __ram7_start__ = ORIGIN (ram7)
                0x0000000000000000                __ram7_size__ = LENGTH (ram7)
                0x0000000000000000                __ram7_end__ = (__ram7_start__ + __ram7_size__)
                0x0000000000000000                . = 0x0
                0x0000000000000000                _text = .

startup         0x0000000008000000      0x1a0
 *(.vectors)
 .vectors       0x0000000008000000      0x1a0 /tmp/ccJYncID.ltrans1.ltrans.o
                0x0000000008000000                _vectors

constructors    0x00000000080001a0        0x0
                0x00000000080001a0                PROVIDE (__init_array_start, .)
 *(SORT(.init_array.*))
 *(.init_array)
                0x00000000080001a0                PROVIDE (__init_array_end, .)

destructors     0x00000000080001a0        0x0
                0x00000000080001a0                PROVIDE (__fini_array_start, .)
 *(.fini_array)
 *(SORT(.fini_array.*))
                0x00000000080001a0                PROVIDE (__fini_array_end, .)

.text           0x00000000080001a0     0x45c4
 *(.text)
 .text          0x00000000080001a0      0x104 build/obj/crt0_v7m.o
                0x00000000080001a0                Reset_Handler
 *fill*         0x00000000080002a4        0xc 
 .text          0x00000000080002b0       0x30 build/obj/chcoreasm_v7m.o
                0x00000000080002b0                _port_switch
                0x00000000080002c8                _port_thread_start
                0x00000000080002d8                _port_switch_from_isr
                0x00000000080002dc                _port_exit_from_isr
 .text          0x00000000080002e0      0x370 /usr/lib/gcc/arm-none-eabi/4.9.3/armv7e-m/fpu/libgcc.a(_arm_addsubdf3.o)
                0x00000000080002e0                __aeabi_drsub
                0x00000000080002e8                __aeabi_dsub
                0x00000000080002e8                __subdf3
                0x00000000080002ec                __adddf3
                0x00000000080002ec                __aeabi_dadd
                0x0000000008000564                __aeabi_ui2d
                0x0000000008000564                __floatunsidf
                0x0000000008000584                __floatsidf
                0x0000000008000584                __aeabi_i2d
                0x00000000080005a8                __extendsfdf2
                0x00000000080005a8                __aeabi_f2d
                0x00000000080005e4                __aeabi_ul2d
                0x00000000080005e4                __floatundidf
                0x00000000080005f4                __floatdidf
                0x00000000080005f4                __aeabi_l2d
 *(.text.*)
 .text.SVC_Handler
                0x0000000008000650       0x20 /tmp/ccJYncID.ltrans0.ltrans.o
                0x0000000008000650                SVC_Handler
 .text.chCoreAlloc
                0x0000000008000670       0x34 /tmp/ccJYncID.ltrans0.ltrans.o
                0x0000000008000670                chCoreAlloc
 *fill*         0x00000000080006a4        0xc 
 .text.queue_prio_insert
                0x00000000080006b0       0x20 /tmp/ccJYncID.ltrans0.ltrans.o
 .text._idle_thread.lto_priv.65
                0x00000000080006d0        0x2 /tmp/ccJYncID.ltrans0.ltrans.o
                0x00000000080006d0                _idle_thread.lto_priv.65
 *fill*         0x00000000080006d2        0xe 
 .text.chSchDoRescheduleAhead
                0x00000000080006e0       0x38 /tmp/ccJYncID.ltrans0.ltrans.o
 *fill*         0x0000000008000718        0x8 
 .text.dmaStreamAllocate
                0x0000000008000720       0xa4 /tmp/ccJYncID.ltrans0.ltrans.o
                0x0000000008000720                dmaStreamAllocate
 *fill*         0x00000000080007c4        0xc 
 .text.sdStart  0x00000000080007d0       0xa0 /tmp/ccJYncID.ltrans0.ltrans.o
                0x00000000080007d0                sdStart
 .text._port_irq_epilogue
                0x0000000008000870       0x78 /tmp/ccJYncID.ltrans0.ltrans.o
                0x0000000008000870                _port_irq_epilogue
 *fill*         0x00000000080008e8        0x8 
 .text.SysTick_Handler
                0x00000000080008f0       0x64 /tmp/ccJYncID.ltrans0.ltrans.o
                0x00000000080008f0                SysTick_Handler
 *fill*         0x0000000008000954        0xc 
 .text.Vector130
                0x0000000008000960       0x28 /tmp/ccJYncID.ltrans0.ltrans.o
                0x0000000008000960                Vector130
 *fill*         0x0000000008000988        0x8 
 .text.Vector12C
                0x0000000008000990       0x28 /tmp/ccJYncID.ltrans0.ltrans.o
                0x0000000008000990                Vector12C
 *fill*         0x00000000080009b8        0x8 
 .text.Vector128
                0x00000000080009c0       0x28 /tmp/ccJYncID.ltrans0.ltrans.o
                0x00000000080009c0                Vector128
 *fill*         0x00000000080009e8        0x8 
 .text.Vector124
                0x00000000080009f0       0x28 /tmp/ccJYncID.ltrans0.ltrans.o
                0x00000000080009f0                Vector124
 *fill*         0x0000000008000a18        0x8 
 .text.Vector120
                0x0000000008000a20       0x28 /tmp/ccJYncID.ltrans0.ltrans.o
                0x0000000008000a20                Vector120
 *fill*         0x0000000008000a48        0x8 
 .text.Vector84
                0x0000000008000a50       0x28 /tmp/ccJYncID.ltrans0.ltrans.o
                0x0000000008000a50                Vector84
 *fill*         0x0000000008000a78        0x8 
 .text.Vector80
                0x0000000008000a80       0x28 /tmp/ccJYncID.ltrans0.ltrans.o
                0x0000000008000a80                Vector80
 *fill*         0x0000000008000aa8        0x8 
 .text.Vector7C
                0x0000000008000ab0       0x28 /tmp/ccJYncID.ltrans0.ltrans.o
                0x0000000008000ab0                Vector7C
 *fill*         0x0000000008000ad8        0x8 
 .text.Vector78
                0x0000000008000ae0       0x28 /tmp/ccJYncID.ltrans0.ltrans.o
                0x0000000008000ae0                Vector78
 *fill*         0x0000000008000b08        0x8 
 .text.Vector74
                0x0000000008000b10       0x28 /tmp/ccJYncID.ltrans0.ltrans.o
                0x0000000008000b10                Vector74
 *fill*         0x0000000008000b38        0x8 
 .text.Vector70
                0x0000000008000b40       0x28 /tmp/ccJYncID.ltrans0.ltrans.o
                0x0000000008000b40                Vector70
 *fill*         0x0000000008000b68        0x8 
 .text.Vector6C
                0x0000000008000b70       0x28 /tmp/ccJYncID.ltrans0.ltrans.o
                0x0000000008000b70                Vector6C
 *fill*         0x0000000008000b98        0x8 
 .text.chTMStopMeasurementX
                0x0000000008000ba0       0x44 /tmp/ccJYncID.ltrans0.ltrans.o
                0x0000000008000ba0                chTMStopMeasurementX
 *fill*         0x0000000008000be4        0xc 
 .text.chTMStartMeasurementX
                0x0000000008000bf0        0xc /tmp/ccJYncID.ltrans0.ltrans.o
                0x0000000008000bf0                chTMStartMeasurementX
 *fill*         0x0000000008000bfc        0x4 
 .text.chSchGoSleepS
                0x0000000008000c00       0x24 /tmp/ccJYncID.ltrans0.ltrans.o
                0x0000000008000c00                chSchGoSleepS
 *fill*         0x0000000008000c24        0xc 
 .text.chSchGoSleepTimeoutS
                0x0000000008000c30       0x74 /tmp/ccJYncID.ltrans0.ltrans.o
                0x0000000008000c30                chSchGoSleepTimeoutS
 *fill*         0x0000000008000ca4        0xc 
 .text.chThdEnqueueTimeoutS
                0x0000000008000cb0       0x20 /tmp/ccJYncID.ltrans0.ltrans.o
 .text.chOQWriteTimeout
                0x0000000008000cd0       0x7c /tmp/ccJYncID.ltrans0.ltrans.o
                0x0000000008000cd0                chOQWriteTimeout
 *fill*         0x0000000008000d4c        0x4 
 .text.writet.lto_priv.58
                0x0000000008000d50        0x6 /tmp/ccJYncID.ltrans0.ltrans.o
                0x0000000008000d50                writet.lto_priv.58
 *fill*         0x0000000008000d56        0xa 
 .text.write.lto_priv.52
                0x0000000008000d60        0xa /tmp/ccJYncID.ltrans0.ltrans.o
                0x0000000008000d60                write.lto_priv.52
 *fill*         0x0000000008000d6a        0x6 
 .text.chOQPutTimeout
                0x0000000008000d70       0x4e /tmp/ccJYncID.ltrans0.ltrans.o
 *fill*         0x0000000008000dbe        0x2 
 .text.putt.lto_priv.56
                0x0000000008000dc0        0x6 /tmp/ccJYncID.ltrans0.ltrans.o
                0x0000000008000dc0                putt.lto_priv.56
 *fill*         0x0000000008000dc6        0xa 
 .text.put.lto_priv.54
                0x0000000008000dd0        0xa /tmp/ccJYncID.ltrans0.ltrans.o
                0x0000000008000dd0                put.lto_priv.54
 *fill*         0x0000000008000dda        0x6 
 .text.chIQReadTimeout
                0x0000000008000de0       0x6e /tmp/ccJYncID.ltrans0.ltrans.o
                0x0000000008000de0                chIQReadTimeout
 *fill*         0x0000000008000e4e        0x2 
 .text.readt.lto_priv.59
                0x0000000008000e50        0x6 /tmp/ccJYncID.ltrans0.ltrans.o
                0x0000000008000e50                readt.lto_priv.59
 *fill*         0x0000000008000e56        0xa 
 .text.read.lto_priv.53
                0x0000000008000e60        0xa /tmp/ccJYncID.ltrans0.ltrans.o
                0x0000000008000e60                read.lto_priv.53
 *fill*         0x0000000008000e6a        0x6 
 .text.chIQGetTimeout
                0x0000000008000e70       0x48 /tmp/ccJYncID.ltrans0.ltrans.o
 *fill*         0x0000000008000eb8        0x8 
 .text.gett.lto_priv.57
                0x0000000008000ec0        0x6 /tmp/ccJYncID.ltrans0.ltrans.o
                0x0000000008000ec0                gett.lto_priv.57
 *fill*         0x0000000008000ec6        0xa 
 .text.get.lto_priv.55
                0x0000000008000ed0        0xa /tmp/ccJYncID.ltrans0.ltrans.o
                0x0000000008000ed0                get.lto_priv.55
 *fill*         0x0000000008000eda        0x6 
 .text.chThdSleep
                0x0000000008000ee0       0x18 /tmp/ccJYncID.ltrans0.ltrans.o
                0x0000000008000ee0                chThdSleep
 *fill*         0x0000000008000ef8        0x8 
 .text.chSchReadyI
                0x0000000008000f00       0x20 /tmp/ccJYncID.ltrans0.ltrans.o
                0x0000000008000f00                chSchReadyI
 .text.chEvtBroadcastFlagsI
                0x0000000008000f20       0x4c /tmp/ccJYncID.ltrans0.ltrans.o
                0x0000000008000f20                chEvtBroadcastFlagsI
 *fill*         0x0000000008000f6c        0x4 
 .text.chMtxUnlock
                0x0000000008000f70       0x64 /tmp/ccJYncID.ltrans0.ltrans.o
                0x0000000008000f70                chMtxUnlock
 *fill*         0x0000000008000fd4        0xc 
 .text.chMtxLock
                0x0000000008000fe0       0x8c /tmp/ccJYncID.ltrans0.ltrans.o
                0x0000000008000fe0                chMtxLock
 *fill*         0x000000000800106c        0x4 
 .text.chThdRelease
                0x0000000008001070       0xd4 /tmp/ccJYncID.ltrans0.ltrans.o
                0x0000000008001070                chThdRelease
 *fill*         0x0000000008001144        0xc 
 .text.chThdResumeI
                0x0000000008001150       0x12 /tmp/ccJYncID.ltrans0.ltrans.o
                0x0000000008001150                chThdResumeI
 *fill*         0x0000000008001162        0xe 
 .text.adc_lld_serve_interrupt.lto_priv.89
                0x0000000008001170      0x10c /tmp/ccJYncID.ltrans0.ltrans.o
                0x0000000008001170                adc_lld_serve_interrupt.lto_priv.89
 *fill*         0x000000000800127c        0x4 
 .text.adc_lld_serve_dma_interrupt.lto_priv.64
                0x0000000008001280       0xc2 /tmp/ccJYncID.ltrans0.ltrans.o
                0x0000000008001280                adc_lld_serve_dma_interrupt.lto_priv.64
 *fill*         0x0000000008001342        0xe 
 .text.chThdExitS
                0x0000000008001350       0x40 /tmp/ccJYncID.ltrans0.ltrans.o
                0x0000000008001350                chThdExitS
 .text.chThdExit
                0x0000000008001390        0xa /tmp/ccJYncID.ltrans0.ltrans.o
                0x0000000008001390                chThdExit
 *fill*         0x000000000800139a        0x6 
 .text.chSchDoReschedule
                0x00000000080013a0       0x38 /tmp/ccJYncID.ltrans0.ltrans.o
                0x00000000080013a0                chSchDoReschedule
 *fill*         0x00000000080013d8        0x8 
 .text.wakeup   0x00000000080013e0       0x46 /tmp/ccJYncID.ltrans0.ltrans.o
 *fill*         0x0000000008001426        0xa 
 .text._unhandled_exception
                0x0000000008001430        0x2 /tmp/ccJYncID.ltrans0.ltrans.o
                0x0000000008001430                VectorAC
                0x0000000008001430                DebugMon_Handler
                0x0000000008001430                Vector11C
                0x0000000008001430                HardFault_Handler
                0x0000000008001430                Vector19C
                0x0000000008001430                Vector8C
                0x0000000008001430                VectorDC
                0x0000000008001430                PendSV_Handler
                0x0000000008001430                Vector168
                0x0000000008001430                NMI_Handler
                0x0000000008001430                Vector110
                0x0000000008001430                VectorC8
                0x0000000008001430                Vector94
                0x0000000008001430                VectorA8
                0x0000000008001430                Vector160
                0x0000000008001430                UsageFault_Handler
                0x0000000008001430                VectorEC
                0x0000000008001430                Vector40
                0x0000000008001430                VectorF8
                0x0000000008001430                Vector108
                0x0000000008001430                Vector190
                0x0000000008001430                Vector150
                0x0000000008001430                Vector188
                0x0000000008001430                Vector198
                0x0000000008001430                Vector118
                0x0000000008001430                VectorCC
                0x0000000008001430                Vector54
                0x0000000008001430                Vector98
                0x0000000008001430                Vector138
                0x0000000008001430                Vector24
                0x0000000008001430                Vector178
                0x0000000008001430                VectorD0
                0x0000000008001430                Vector158
                0x0000000008001430                VectorF0
                0x0000000008001430                Vector13C
                0x0000000008001430                Vector100
                0x0000000008001430                VectorF4
                0x0000000008001430                MemManage_Handler
                0x0000000008001430                VectorA0
                0x0000000008001430                VectorC4
                0x0000000008001430                Vector180
                0x0000000008001430                VectorB0
                0x0000000008001430                Vector90
                0x0000000008001430                Vector114
                0x0000000008001430                Vector164
                0x0000000008001430                Vector1C
                0x0000000008001430                Vector17C
                0x0000000008001430                Vector16C
                0x0000000008001430                Vector15C
                0x0000000008001430                Vector170
                0x0000000008001430                Vector104
                0x0000000008001430                Vector184
                0x0000000008001430                Vector10C
                0x0000000008001430                Vector14C
                0x0000000008001430                BusFault_Handler
                0x0000000008001430                Vector50
                0x0000000008001430                Vector194
                0x0000000008001430                Vector154
                0x0000000008001430                Vector28
                0x0000000008001430                VectorB8
                0x0000000008001430                Vector34
                0x0000000008001430                VectorA4
                0x0000000008001430                Vector20
                0x0000000008001430                Vector18C
                0x0000000008001430                Vector174
 *fill*         0x0000000008001432        0xe 
 .text.__default_exit
                0x0000000008001440        0x2 /tmp/ccJYncID.ltrans0.ltrans.o
                0x0000000008001440                __default_exit
 *fill*         0x0000000008001442        0xe 
 .text.__late_init
                0x0000000008001450        0x2 /tmp/ccJYncID.ltrans0.ltrans.o
                0x0000000008001450                __late_init
 *fill*         0x0000000008001452        0xe 
 .text.__core_init
                0x0000000008001460        0x2 /tmp/ccJYncID.ltrans0.ltrans.o
                0x0000000008001460                __core_init
 *fill*         0x0000000008001462        0xe 
 .text.notify2.lto_priv.67
                0x0000000008001470       0x10 /tmp/ccJYncID.ltrans1.ltrans.o
                0x0000000008001470                notify2.lto_priv.67
 .text.notify1.lto_priv.66
                0x0000000008001480       0x10 /tmp/ccJYncID.ltrans1.ltrans.o
                0x0000000008001480                notify1.lto_priv.66
 .text.VectorB4
                0x0000000008001490       0x64 /tmp/ccJYncID.ltrans1.ltrans.o
 *fill*         0x00000000080014f4        0xc 
 .text.Vector148
                0x0000000008001500       0x24 /tmp/ccJYncID.ltrans1.ltrans.o
 *fill*         0x0000000008001524        0xc 
 .text.Vector144
                0x0000000008001530       0x58 /tmp/ccJYncID.ltrans1.ltrans.o
 *fill*         0x0000000008001588        0x8 
 .text.Vector140
                0x0000000008001590       0x50 /tmp/ccJYncID.ltrans1.ltrans.o
 .text.Vector4C
                0x00000000080015e0       0x28 /tmp/ccJYncID.ltrans1.ltrans.o
 *fill*         0x0000000008001608        0x8 
 .text.Vector48
                0x0000000008001610       0x28 /tmp/ccJYncID.ltrans1.ltrans.o
 *fill*         0x0000000008001638        0x8 
 .text.VectorE8
                0x0000000008001640       0x28 /tmp/ccJYncID.ltrans1.ltrans.o
 *fill*         0x0000000008001668        0x8 
 .text.VectorE4
                0x0000000008001670       0x28 /tmp/ccJYncID.ltrans1.ltrans.o
 *fill*         0x0000000008001698        0x8 
 .text.Vector44
                0x00000000080016a0       0x28 /tmp/ccJYncID.ltrans1.ltrans.o
 *fill*         0x00000000080016c8        0x8 
 .text.VectorE0
                0x00000000080016d0       0x70 /tmp/ccJYncID.ltrans1.ltrans.o
 .text.Vector9C
                0x0000000008001740       0x64 /tmp/ccJYncID.ltrans1.ltrans.o
 *fill*         0x00000000080017a4        0xc 
 .text.Vector68
                0x00000000080017b0       0x24 /tmp/ccJYncID.ltrans1.ltrans.o
 *fill*         0x00000000080017d4        0xc 
 .text.Vector64
                0x00000000080017e0       0x24 /tmp/ccJYncID.ltrans1.ltrans.o
 *fill*         0x0000000008001804        0xc 
 .text.Vector60
                0x0000000008001810       0x24 /tmp/ccJYncID.ltrans1.ltrans.o
 *fill*         0x0000000008001834        0xc 
 .text.Vector5C
                0x0000000008001840       0x24 /tmp/ccJYncID.ltrans1.ltrans.o
 *fill*         0x0000000008001864        0xc 
 .text.Vector58
                0x0000000008001870       0x24 /tmp/ccJYncID.ltrans1.ltrans.o
 *fill*         0x0000000008001894        0xc 
 .text.serve_interrupt
                0x00000000080018a0      0x170 /tmp/ccJYncID.ltrans1.ltrans.o
 .text.VectorD8
                0x0000000008001a10       0x14 /tmp/ccJYncID.ltrans1.ltrans.o
 *fill*         0x0000000008001a24        0xc 
 .text.VectorD4
                0x0000000008001a30       0x14 /tmp/ccJYncID.ltrans1.ltrans.o
 *fill*         0x0000000008001a44        0xc 
 .text.VectorC0
                0x0000000008001a50       0x94 /tmp/ccJYncID.ltrans1.ltrans.o
 *fill*         0x0000000008001ae4        0xc 
 .text.VectorBC
                0x0000000008001af0      0x10c /tmp/ccJYncID.ltrans1.ltrans.o
 *fill*         0x0000000008001bfc        0x4 
 .text.Vector134
                0x0000000008001c00       0x20 /tmp/ccJYncID.ltrans1.ltrans.o
 .text.VectorFC
                0x0000000008001c20       0x20 /tmp/ccJYncID.ltrans1.ltrans.o
 .text.Vector88
                0x0000000008001c40       0x28 /tmp/ccJYncID.ltrans1.ltrans.o
 *fill*         0x0000000008001c68        0x8 
 .text.chvprintf
                0x0000000008001c70      0x1f4 /tmp/ccJYncID.ltrans1.ltrans.o
                0x0000000008001c70                chvprintf
 *fill*         0x0000000008001e64        0xc 
 .text.chprintf.lto_priv.86
                0x0000000008001e70       0x1a /tmp/ccJYncID.ltrans1.ltrans.o
                0x0000000008001e70                chprintf.lto_priv.86
 *fill*         0x0000000008001e8a        0x6 
 .text.__early_init
                0x0000000008001e90       0x9c /tmp/ccJYncID.ltrans1.ltrans.o
                0x0000000008001e90                __early_init
 *fill*         0x0000000008001f2c        0x4 
 .text.i2c_lld_init
                0x0000000008001f30       0x30 /tmp/ccJYncID.ltrans1.ltrans.o
                0x0000000008001f30                i2c_lld_init
 .text.initgpio.lto_priv.81
                0x0000000008001f60       0x1e /tmp/ccJYncID.ltrans1.ltrans.o
                0x0000000008001f60                initgpio.lto_priv.81
 *fill*         0x0000000008001f7e        0x2 
 .text.adc_lld_stop_conversion
                0x0000000008001f80       0x2e /tmp/ccJYncID.ltrans1.ltrans.o
                0x0000000008001f80                adc_lld_stop_conversion
 *fill*         0x0000000008001fae        0x2 
 .text.Thread5  0x0000000008001fb0       0x1c /tmp/ccJYncID.ltrans2.ltrans.o
 *fill*         0x0000000008001fcc        0x4 
 .text.Thread4  0x0000000008001fd0      0x218 /tmp/ccJYncID.ltrans2.ltrans.o
 *fill*         0x00000000080021e8        0x8 
 .text.startup.main
                0x00000000080021f0      0x918 /tmp/ccJYncID.ltrans2.ltrans.o
                0x00000000080021f0                main
 *fill*         0x0000000008002b08        0x8 
 .text.adcerrorcallback.lto_priv.68
                0x0000000008002b10        0x2 /tmp/ccJYncID.ltrans3.ltrans.o
                0x0000000008002b10                adcerrorcallback.lto_priv.68
 *fill*         0x0000000008002b12        0xe 
 .text.adccallback.lto_priv.69
                0x0000000008002b20       0x28 /tmp/ccJYncID.ltrans3.ltrans.o
                0x0000000008002b20                adccallback.lto_priv.69
 *fill*         0x0000000008002b48        0x8 
 .text.Thread1.lto_priv.60
                0x0000000008002b50       0x50 /tmp/ccJYncID.ltrans3.ltrans.o
                0x0000000008002b50                Thread1.lto_priv.60
 .text.Thread2.lto_priv.61
                0x0000000008002ba0       0xa8 /tmp/ccJYncID.ltrans3.ltrans.o
                0x0000000008002ba0                Thread2.lto_priv.61
 *fill*         0x0000000008002c48        0x8 
 .text.cmd_systime
                0x0000000008002c50       0x30 /tmp/ccJYncID.ltrans3.ltrans.o
 .text.cmd_info
                0x0000000008002c80       0xc0 /tmp/ccJYncID.ltrans3.ltrans.o
 .text.shell_thread.lto_priv.63
                0x0000000008002d40      0x200 /tmp/ccJYncID.ltrans3.ltrans.o
                0x0000000008002d40                shell_thread.lto_priv.63
 .text.chprintf.lto_priv.79
                0x0000000008002f40       0x1a /tmp/ccJYncID.ltrans3.ltrans.o
                0x0000000008002f40                chprintf.lto_priv.79
 *fill*         0x0000000008002f5a        0x6 
 .text.cmd_reboot.lto_priv.78
                0x0000000008002f60       0x40 /tmp/ccJYncID.ltrans3.ltrans.o
                0x0000000008002f60                cmd_reboot.lto_priv.78
 .text.cmd_gas.lto_priv.77
                0x0000000008002fa0       0x9c /tmp/ccJYncID.ltrans3.ltrans.o
                0x0000000008002fa0                cmd_gas.lto_priv.77
 *fill*         0x000000000800303c        0x4 
 .text.cmd_nadpkey.lto_priv.76
                0x0000000008003040       0x28 /tmp/ccJYncID.ltrans3.ltrans.o
                0x0000000008003040                cmd_nadpkey.lto_priv.76
 *fill*         0x0000000008003068        0x8 
 .text.cmd_rgb.lto_priv.75
                0x0000000008003070       0xd8 /tmp/ccJYncID.ltrans3.ltrans.o
                0x0000000008003070                cmd_rgb.lto_priv.75
 *fill*         0x0000000008003148        0x8 
 .text.cmd_log.lto_priv.74
                0x0000000008003150       0x2c /tmp/ccJYncID.ltrans3.ltrans.o
                0x0000000008003150                cmd_log.lto_priv.74
 *fill*         0x000000000800317c        0x4 
 .text.cmd_i2c.lto_priv.73
                0x0000000008003180      0x140 /tmp/ccJYncID.ltrans3.ltrans.o
                0x0000000008003180                cmd_i2c.lto_priv.73
 .text.cmd_serial.lto_priv.72
                0x00000000080032c0       0x3c /tmp/ccJYncID.ltrans3.ltrans.o
                0x00000000080032c0                cmd_serial.lto_priv.72
 *fill*         0x00000000080032fc        0x4 
 .text.cmd_threads.lto_priv.71
                0x0000000008003300       0x94 /tmp/ccJYncID.ltrans3.ltrans.o
                0x0000000008003300                cmd_threads.lto_priv.71
 *fill*         0x0000000008003394        0xc 
 .text.cmd_mem.lto_priv.70
                0x00000000080033a0       0x7c /tmp/ccJYncID.ltrans3.ltrans.o
                0x00000000080033a0                cmd_mem.lto_priv.70
 *fill*         0x000000000800341c        0x4 
 .text.chVTGetSystemTime.lto_priv.80
                0x0000000008003420       0x18 /tmp/ccJYncID.ltrans3.ltrans.o
                0x0000000008003420                chVTGetSystemTime.lto_priv.80
 *fill*         0x0000000008003438        0x8 
 .text.Thread3.lto_priv.62
                0x0000000008003440       0xec /tmp/ccJYncID.ltrans3.ltrans.o
                0x0000000008003440                Thread3.lto_priv.62
 *fill*         0x000000000800352c        0x4 
 .text.chSchWakeupS.constprop.50
                0x0000000008003530       0x38 /tmp/ccJYncID.ltrans4.ltrans.o
                0x0000000008003530                chSchWakeupS.constprop.50
 *fill*         0x0000000008003568        0x8 
 .text.chThdCreateStatic.constprop.49
                0x0000000008003570       0x60 /tmp/ccJYncID.ltrans4.ltrans.o
                0x0000000008003570                chThdCreateStatic.constprop.49
 .text.sdObjectInit.constprop.37
                0x00000000080035d0       0x50 /tmp/ccJYncID.ltrans4.ltrans.o
                0x00000000080035d0                sdObjectInit.constprop.37
 .text.adc_lld_start_conversion.constprop.26
                0x0000000008003620       0xac /tmp/ccJYncID.ltrans4.ltrans.o
                0x0000000008003620                adc_lld_start_conversion.constprop.26
 *fill*         0x00000000080036cc        0x4 
 .text.i2c_lld_setup_tx_transfer.constprop.20
                0x00000000080036d0       0x3c /tmp/ccJYncID.ltrans4.ltrans.o
                0x00000000080036d0                i2c_lld_setup_tx_transfer.constprop.20
 *fill*         0x000000000800370c        0x4 
 .text.i2cMasterTransmitTimeout.constprop.17
                0x0000000008003710       0xc0 /tmp/ccJYncID.ltrans4.ltrans.o
                0x0000000008003710                i2cMasterTransmitTimeout.constprop.17
 .text.i2c_lld_setup_rx_transfer.constprop.16
                0x00000000080037d0       0x40 /tmp/ccJYncID.ltrans4.ltrans.o
                0x00000000080037d0                i2c_lld_setup_rx_transfer.constprop.16
 .text._pal_lld_setgroupmode.constprop.9
                0x0000000008003810       0x70 /tmp/ccJYncID.ltrans4.ltrans.o
                0x0000000008003810                _pal_lld_setgroupmode.constprop.9
 .text.long_to_string_with_divisor.constprop.5
                0x0000000008003880       0x40 /tmp/ccJYncID.ltrans4.ltrans.o
                0x0000000008003880                long_to_string_with_divisor.constprop.5
 .text._strtok.constprop.3
                0x00000000080038c0       0x40 /tmp/ccJYncID.ltrans4.ltrans.o
                0x00000000080038c0                _strtok.constprop.3
 .text._strtol_r
                0x0000000008003900      0x11c /usr/lib/gcc/arm-none-eabi/4.9.3/../../../arm-none-eabi/lib/armv7e-m/fpu/libg.a(lib_a-strtol.o)
                0x0000000008003900                _strtol_r
 *fill*         0x0000000008003a1c        0x4 
 .text.strtol   0x0000000008003a20       0x18 /usr/lib/gcc/arm-none-eabi/4.9.3/../../../arm-none-eabi/lib/armv7e-m/fpu/libg.a(lib_a-strtol.o)
                0x0000000008003a20                strtol
 *fill*         0x0000000008003a38        0x8 
 .text.memset   0x0000000008003a40       0x9c /usr/lib/gcc/arm-none-eabi/4.9.3/../../../arm-none-eabi/lib/armv7e-m/fpu/libg.a(lib_a-memset.o)
                0x0000000008003a40                memset
 *fill*         0x0000000008003adc        0x4 
 .text.strcasecmp
                0x0000000008003ae0       0x44 /usr/lib/gcc/arm-none-eabi/4.9.3/../../../arm-none-eabi/lib/armv7e-m/fpu/libg.a(lib_a-strcasecmp.o)
                0x0000000008003ae0                strcasecmp
 *fill*         0x0000000008003b24        0xc 
 .text.strlen   0x0000000008003b30       0x5c /usr/lib/gcc/arm-none-eabi/4.9.3/../../../arm-none-eabi/lib/armv7e-m/fpu/libg.a(lib_a-strlen.o)
                0x0000000008003b30                strlen
 *fill*         0x0000000008003b8c        0x4 
 .text.strpbrk  0x0000000008003b90       0x48 /usr/lib/gcc/arm-none-eabi/4.9.3/../../../arm-none-eabi/lib/armv7e-m/fpu/libg.a(lib_a-strpbrk.o)
                0x0000000008003b90                strpbrk
 *fill*         0x0000000008003bd8        0x8 
 .text.strspn   0x0000000008003be0       0x34 /usr/lib/gcc/arm-none-eabi/4.9.3/../../../arm-none-eabi/lib/armv7e-m/fpu/libg.a(lib_a-strspn.o)
                0x0000000008003be0                strspn
 *(.rodata)
 *fill*         0x0000000008003c14        0xc 
 .rodata        0x0000000008003c20       0x10 /tmp/ccJYncID.ltrans2.ltrans.o
 .rodata        0x0000000008003c30       0x10 /tmp/ccJYncID.ltrans3.ltrans.o
 *(.rodata.*)
 .rodata.default_config
                0x0000000008003c40       0x10 /tmp/ccJYncID.ltrans0.ltrans.o
 .rodata.str1.1
                0x0000000008003c50        0x7 /tmp/ccJYncID.ltrans1.ltrans.o
 *fill*         0x0000000008003c57        0x9 
 .rodata.adcgrpcfg1
                0x0000000008003c60       0x48 /tmp/ccJYncID.ltrans2.ltrans.o
 *fill*         0x0000000008003ca8        0x8 
 .rodata.adcgrpcfg2
                0x0000000008003cb0       0x48 /tmp/ccJYncID.ltrans2.ltrans.o
 *fill*         0x0000000008003cf8        0x8 
 .rodata._stm32_dma_streams
                0x0000000008003d00       0x90 /tmp/ccJYncID.ltrans2.ltrans.o
                0x0000000008003d00                _stm32_dma_streams
 .rodata.commands
                0x0000000008003d90       0x50 /tmp/ccJYncID.ltrans2.ltrans.o
 .rodata.str1.1
                0x0000000008003de0      0x282 /tmp/ccJYncID.ltrans2.ltrans.o
 *fill*         0x0000000008004062        0xe 
 .rodata.ch_debug
                0x0000000008004070       0x16 /tmp/ccJYncID.ltrans2.ltrans.o
 *fill*         0x0000000008004086        0xa 
 .rodata.shell_cfg1
                0x0000000008004090        0x8 /tmp/ccJYncID.ltrans2.ltrans.o
 *fill*         0x0000000008004098        0x8 
 .rodata.pal_default_config
                0x00000000080040a0       0xa8 /tmp/ccJYncID.ltrans2.ltrans.o
 *fill*         0x0000000008004148        0x8 
 .rodata.i2cfg1
                0x0000000008004150        0xc /tmp/ccJYncID.ltrans2.ltrans.o
 *fill*         0x000000000800415c        0x4 
 .rodata.states.9297
                0x0000000008004160       0x40 /tmp/ccJYncID.ltrans3.ltrans.o
 .rodata.str1.1
                0x00000000080041a0      0x479 /tmp/ccJYncID.ltrans3.ltrans.o
                                        0x4b1 (size before relaxing)
 *fill*         0x0000000008004619        0x7 
 .rodata.str1.1
                0x0000000008004620        0x3 /tmp/ccJYncID.ltrans4.ltrans.o
 *fill*         0x0000000008004623        0xd 
 .rodata.vmt    0x0000000008004630       0x20 /tmp/ccJYncID.ltrans4.ltrans.o
 .rodata._ctype_
                0x0000000008004650      0x104 /usr/lib/gcc/arm-none-eabi/4.9.3/../../../arm-none-eabi/lib/armv7e-m/fpu/libg.a(lib_a-ctype_.o)
                0x0000000008004650                _ctype_
 *fill*         0x0000000008004754        0xc 
 .rodata.str1.4
                0x0000000008004760        0x4 /usr/lib/gcc/arm-none-eabi/4.9.3/../../../arm-none-eabi/lib/armv7e-m/fpu/libg.a(lib_a-impure.o)
 *(.glue_7t)
 .glue_7t       0x0000000008004764        0x0 linker stubs
 *(.glue_7)
 .glue_7        0x0000000008004764        0x0 linker stubs
 *(.gcc*)

.vfp11_veneer   0x0000000008004764        0x0
 .vfp11_veneer  0x0000000008004764        0x0 linker stubs

.v4_bx          0x0000000008004764        0x0
 .v4_bx         0x0000000008004764        0x0 linker stubs

.iplt           0x0000000008004764        0x0
 .iplt          0x0000000008004764        0x0 build/obj/crt0_v7m.o

.rel.dyn        0x0000000008004764        0x0
 .rel.iplt      0x0000000008004764        0x0 build/obj/crt0_v7m.o

.ARM.extab
 *(.ARM.extab* .gnu.linkonce.armextab.*)

.ARM.exidx      0x0000000008004764        0x0
                [!provide]                        PROVIDE (__exidx_start, .)
 *(.ARM.exidx* .gnu.linkonce.armexidx.*)
                [!provide]                        PROVIDE (__exidx_end, .)

.eh_frame_hdr
 *(.eh_frame_hdr)

.eh_frame
 *(.eh_frame)

.textalign      0x0000000008004764        0x4
                0x0000000008004768                . = ALIGN (0x8)
 *fill*         0x0000000008004764        0x4 
                0x0000000008004768                . = ALIGN (0x4)
                0x0000000008004768                _etext = .
                0x0000000008004768                _textdata = _etext

.mstack         0x0000000020000000      0x400
                0x0000000020000000                . = ALIGN (0x8)
                0x0000000020000000                __main_stack_base__ = .
                0x0000000020000400                . = (. + __main_stack_size__)
 *fill*         0x0000000020000000      0x400 
                0x0000000020000400                . = ALIGN (0x8)
                0x0000000020000400                __main_stack_end__ = .

.pstack         0x0000000020000400      0x400
                0x0000000020000400                __process_stack_base__ = .
                0x0000000020000400                __main_thread_stack_base__ = .
                0x0000000020000800                . = (. + __process_stack_size__)
 *fill*         0x0000000020000400      0x400 
                0x0000000020000800                . = ALIGN (0x8)
                0x0000000020000800                __process_stack_end__ = .
                0x0000000020000800                __main_thread_stack_end__ = .

.data           0x0000000020000800      0x44c load address 0x0000000008004768
                0x0000000020000800                . = ALIGN (0x4)
                0x0000000020000800                PROVIDE (_data, .)
 *(.data)
 *(.data.*)
 .data.rgb_co2ppm
                0x0000000020000800        0x1 /tmp/ccJYncID.ltrans3.ltrans.o
 *fill*         0x0000000020000801        0x3 
 .data.local_commands
                0x0000000020000804       0x18 /tmp/ccJYncID.ltrans3.ltrans.o
 .data.__ctype_ptr__
                0x000000002000081c        0x4 /usr/lib/gcc/arm-none-eabi/4.9.3/../../../arm-none-eabi/lib/armv7e-m/fpu/libg.a(lib_a-ctype_.o)
                0x000000002000081c                __ctype_ptr__
 .data.impure_data
                0x0000000020000820      0x428 /usr/lib/gcc/arm-none-eabi/4.9.3/../../../arm-none-eabi/lib/armv7e-m/fpu/libg.a(lib_a-impure.o)
 .data._impure_ptr
                0x0000000020000c48        0x4 /usr/lib/gcc/arm-none-eabi/4.9.3/../../../arm-none-eabi/lib/armv7e-m/fpu/libg.a(lib_a-impure.o)
                0x0000000020000c48                _impure_ptr
 *(.ramtext)
                0x0000000020000c4c                . = ALIGN (0x4)
                0x0000000020000c4c                PROVIDE (_edata, .)

.igot.plt       0x0000000020000c4c        0x0 load address 0x0000000008004bb4
 .igot.plt      0x0000000020000c4c        0x0 build/obj/crt0_v7m.o

.bss            0x0000000020000c50      0xfbc load address 0x0000000008004bb4
                0x0000000020000c50                . = ALIGN (0x4)
                0x0000000020000c50                PROVIDE (_bss_start, .)
 *(.bss)
 *(.bss.*)
 .bss.waThread5
                0x0000000020000c50      0x1d0 /tmp/ccJYncID.ltrans2.ltrans.o
 .bss.dma_isr_redir.lto_priv.91
                0x0000000020000e20       0x60 /tmp/ccJYncID.ltrans2.ltrans.o
                0x0000000020000e20                dma_isr_redir.lto_priv.91
 .bss.dma_streams_mask.lto_priv.90
                0x0000000020000e80        0x4 /tmp/ccJYncID.ltrans2.ltrans.o
                0x0000000020000e80                dma_streams_mask.lto_priv.90
 .bss.pressure  0x0000000020000e84        0x4 /tmp/ccJYncID.ltrans2.ltrans.o
                0x0000000020000e84                pressure
 .bss.SD1       0x0000000020000e88       0x7c /tmp/ccJYncID.ltrans2.ltrans.o
                0x0000000020000e88                SD1
 .bss.SD2       0x0000000020000f04       0x7c /tmp/ccJYncID.ltrans2.ltrans.o
                0x0000000020000f04                SD2
 .bss.status.9383
                0x0000000020000f80        0x4 /tmp/ccJYncID.ltrans2.ltrans.o
 .bss.log_active
                0x0000000020000f84        0x1 /tmp/ccJYncID.ltrans2.ltrans.o
                0x0000000020000f84                log_active
 *fill*         0x0000000020000f85        0x1 
 .bss.samples2.lto_priv.85
                0x0000000020000f86      0x200 /tmp/ccJYncID.ltrans2.ltrans.o
                0x0000000020000f86                samples2.lto_priv.85
 .bss.samples1  0x0000000020001186       0x40 /tmp/ccJYncID.ltrans2.ltrans.o
 *fill*         0x00000000200011c6        0x2 
 .bss.default_heap.lto_priv.82
                0x00000000200011c8       0x20 /tmp/ccJYncID.ltrans2.ltrans.o
                0x00000000200011c8                default_heap.lto_priv.82
 .bss.EXTD1     0x00000000200011e8        0x8 /tmp/ccJYncID.ltrans2.ltrans.o
                0x00000000200011e8                EXTD1
 .bss.PWMD3     0x00000000200011f0       0x1c /tmp/ccJYncID.ltrans2.ltrans.o
                0x00000000200011f0                PWMD3
 .bss.errors.9384
                0x000000002000120c        0x4 /tmp/ccJYncID.ltrans2.ltrans.o
 .bss.rhumidity
                0x0000000020001210        0x4 /tmp/ccJYncID.ltrans2.ltrans.o
 .bss.co2_ppm   0x0000000020001214        0x2 /tmp/ccJYncID.ltrans2.ltrans.o
                0x0000000020001214                co2_ppm
 *fill*         0x0000000020001216        0x2 
 .bss.ADCD3     0x0000000020001218       0x3c /tmp/ccJYncID.ltrans2.ltrans.o
                0x0000000020001218                ADCD3
 .bss.shell_terminated
                0x0000000020001254        0x4 /tmp/ccJYncID.ltrans2.ltrans.o
                0x0000000020001254                shell_terminated
 .bss.nextmem.lto_priv.84
                0x0000000020001258        0x4 /tmp/ccJYncID.ltrans2.ltrans.o
                0x0000000020001258                nextmem.lto_priv.84
 .bss.temperature1
                0x000000002000125c        0x4 /tmp/ccJYncID.ltrans2.ltrans.o
                0x000000002000125c                temperature1
 .bss.temperature2
                0x0000000020001260        0x4 /tmp/ccJYncID.ltrans2.ltrans.o
 .bss.endmem.lto_priv.83
                0x0000000020001264        0x4 /tmp/ccJYncID.ltrans2.ltrans.o
                0x0000000020001264                endmem.lto_priv.83
 .bss.waThread4
                0x0000000020001268      0x1d0 /tmp/ccJYncID.ltrans2.ltrans.o
 .bss.waThread1
                0x0000000020001438      0x1d0 /tmp/ccJYncID.ltrans2.ltrans.o
 .bss.waThread2
                0x0000000020001608      0x1d0 /tmp/ccJYncID.ltrans2.ltrans.o
 .bss.waThread3
                0x00000000200017d8      0x1d0 /tmp/ccJYncID.ltrans2.ltrans.o
 .bss.status.9370
                0x00000000200019a8        0x4 /tmp/ccJYncID.ltrans3.ltrans.o
 .bss.status.9313
                0x00000000200019ac        0x4 /tmp/ccJYncID.ltrans3.ltrans.o
 .bss.nx        0x00000000200019b0        0x4 /tmp/ccJYncID.ltrans3.ltrans.o
 .bss.ny        0x00000000200019b4        0x4 /tmp/ccJYncID.ltrans3.ltrans.o
 .bss.errors.9314
                0x00000000200019b8        0x4 /tmp/ccJYncID.ltrans3.ltrans.o
 .bss.errors.9371
                0x00000000200019bc        0x4 /tmp/ccJYncID.ltrans3.ltrans.o
 .bss.ADCD1     0x00000000200019c0       0x3c /tmp/ccJYncID.ltrans4.ltrans.o
                0x00000000200019c0                ADCD1
 *fill*         0x00000000200019fc        0x4 
 .bss.ch        0x0000000020001a00      0x1d8 /tmp/ccJYncID.ltrans4.ltrans.o
                0x0000000020001a00                ch
 .bss.I2CD1     0x0000000020001bd8       0x34 /tmp/ccJYncID.ltrans4.ltrans.o
                0x0000000020001bd8                I2CD1
 *(COMMON)
                0x0000000020001c0c                . = ALIGN (0x4)
                0x0000000020001c0c                PROVIDE (_bss_end, .)
                [!provide]                        PROVIDE (end, .)

.ram0           0x0000000020001c0c        0x0 load address 0x0000000008004bb4
                0x0000000020001c0c                . = ALIGN (0x4)
 *(.ram0)
 *(.ram0.*)
                0x0000000020001c0c                . = ALIGN (0x4)
                0x0000000020001c0c                __ram0_free__ = .

.ram1           0x0000000000000000        0x0
                0x0000000000000000                . = ALIGN (0x4)
 *(.ram1)
 *(.ram1.*)
                0x0000000000000000                . = ALIGN (0x4)
                0x0000000000000000                __ram1_free__ = .

.ram2           0x0000000000000000        0x0
                0x0000000000000000                . = ALIGN (0x4)
 *(.ram2)
 *(.ram2.*)
                0x0000000000000000                . = ALIGN (0x4)
                0x0000000000000000                __ram2_free__ = .

.ram3           0x0000000000000000        0x0
                0x0000000000000000                . = ALIGN (0x4)
 *(.ram3)
 *(.ram3.*)
                0x0000000000000000                . = ALIGN (0x4)
                0x0000000000000000                __ram3_free__ = .

.ram4           0x0000000010000000        0x0
                0x0000000010000000                . = ALIGN (0x4)
 *(.ram4)
 *(.ram4.*)
                0x0000000010000000                . = ALIGN (0x4)
                0x0000000010000000                __ram4_free__ = .

.ram5           0x0000000000000000        0x0
                0x0000000000000000                . = ALIGN (0x4)
 *(.ram5)
 *(.ram5.*)
                0x0000000000000000                . = ALIGN (0x4)
                0x0000000000000000                __ram5_free__ = .

.ram6           0x0000000000000000        0x0
                0x0000000000000000                . = ALIGN (0x4)
 *(.ram6)
 *(.ram6.*)
                0x0000000000000000                . = ALIGN (0x4)
                0x0000000000000000                __ram6_free__ = .

.ram7           0x0000000000000000        0x0
                0x0000000000000000                . = ALIGN (0x4)
 *(.ram7)
 *(.ram7.*)
                0x0000000000000000                . = ALIGN (0x4)
                0x0000000000000000                __ram7_free__ = .
                0x0000000020001c0c                __heap_base__ = __ram0_free__
                0x000000002000a000                __heap_end__ = __ram0_end__
                0x0000000000000400                __process_stack_size__ = 0x400
                0x0000000000000400                __main_stack_size__ = 0x400
START GROUP
LOAD /usr/lib/gcc/arm-none-eabi/4.9.3/armv7e-m/fpu/libgcc.a
LOAD /usr/lib/gcc/arm-none-eabi/4.9.3/../../../arm-none-eabi/lib/armv7e-m/fpu/libg.a
LOAD /usr/lib/gcc/arm-none-eabi/4.9.3/../../../arm-none-eabi/lib/armv7e-m/fpu/libc.a
END GROUP
OUTPUT(build/owl_stm32.elf elf32-littlearm)

.ARM.attributes
                0x0000000000000000       0x35
 .ARM.attributes
                0x0000000000000000       0x25 build/obj/crt0_v7m.o
 .ARM.attributes
                0x0000000000000025       0x25 build/obj/chcoreasm_v7m.o
 .ARM.attributes
                0x000000000000004a       0x37 /tmp/ccJYncID.ltrans0.ltrans.o
 .ARM.attributes
                0x0000000000000081       0x37 /tmp/ccJYncID.ltrans1.ltrans.o
 .ARM.attributes
                0x00000000000000b8       0x37 /tmp/ccJYncID.ltrans2.ltrans.o
 .ARM.attributes
                0x00000000000000ef       0x37 /tmp/ccJYncID.ltrans3.ltrans.o
 .ARM.attributes
                0x0000000000000126       0x37 /tmp/ccJYncID.ltrans4.ltrans.o
 .ARM.attributes
                0x000000000000015d       0x34 /usr/lib/gcc/arm-none-eabi/4.9.3/../../../arm-none-eabi/lib/armv7e-m/fpu/libg.a(lib_a-ctype_.o)
 .ARM.attributes
                0x0000000000000191       0x34 /usr/lib/gcc/arm-none-eabi/4.9.3/../../../arm-none-eabi/lib/armv7e-m/fpu/libg.a(lib_a-strtol.o)
 .ARM.attributes
                0x00000000000001c5       0x34 /usr/lib/gcc/arm-none-eabi/4.9.3/../../../arm-none-eabi/lib/armv7e-m/fpu/libg.a(lib_a-impure.o)
 .ARM.attributes
                0x00000000000001f9       0x22 /usr/lib/gcc/arm-none-eabi/4.9.3/armv7e-m/fpu/libgcc.a(_arm_addsubdf3.o)
 .ARM.attributes
                0x000000000000021b       0x34 /usr/lib/gcc/arm-none-eabi/4.9.3/../../../arm-none-eabi/lib/armv7e-m/fpu/libg.a(lib_a-memset.o)
 .ARM.attributes
                0x000000000000024f       0x34 /usr/lib/gcc/arm-none-eabi/4.9.3/../../../arm-none-eabi/lib/armv7e-m/fpu/libg.a(lib_a-strcasecmp.o)
 .ARM.attributes
                0x0000000000000283       0x34 /usr/lib/gcc/arm-none-eabi/4.9.3/../../../arm-none-eabi/lib/armv7e-m/fpu/libg.a(lib_a-strlen.o)
 .ARM.attributes
                0x00000000000002b7       0x34 /usr/lib/gcc/arm-none-eabi/4.9.3/../../../arm-none-eabi/lib/armv7e-m/fpu/libg.a(lib_a-strpbrk.o)
 .ARM.attributes
                0x00000000000002eb       0x34 /usr/lib/gcc/arm-none-eabi/4.9.3/../../../arm-none-eabi/lib/armv7e-m/fpu/libg.a(lib_a-strspn.o)

.comment        0x0000000000000000       0x70
 .comment       0x0000000000000000       0x38 /tmp/ccJYncID.ltrans0.ltrans.o
                                         0x39 (size before relaxing)
 .comment       0x0000000000000038       0x39 /tmp/ccJYncID.ltrans1.ltrans.o
 .comment       0x0000000000000038       0x39 /tmp/ccJYncID.ltrans2.ltrans.o
 .comment       0x0000000000000038       0x39 /tmp/ccJYncID.ltrans3.ltrans.o
 .comment       0x0000000000000038       0x39 /tmp/ccJYncID.ltrans4.ltrans.o
 .comment       0x0000000000000038       0x38 /usr/lib/gcc/arm-none-eabi/4.9.3/../../../arm-none-eabi/lib/armv7e-m/fpu/libg.a(lib_a-ctype_.o)
                                         0x39 (size before relaxing)
 .comment       0x0000000000000070       0x39 /usr/lib/gcc/arm-none-eabi/4.9.3/../../../arm-none-eabi/lib/armv7e-m/fpu/libg.a(lib_a-strtol.o)
 .comment       0x0000000000000070       0x39 /usr/lib/gcc/arm-none-eabi/4.9.3/../../../arm-none-eabi/lib/armv7e-m/fpu/libg.a(lib_a-impure.o)
 .comment       0x0000000000000070       0x39 /usr/lib/gcc/arm-none-eabi/4.9.3/../../../arm-none-eabi/lib/armv7e-m/fpu/libg.a(lib_a-memset.o)
 .comment       0x0000000000000070       0x39 /usr/lib/gcc/arm-none-eabi/4.9.3/../../../arm-none-eabi/lib/armv7e-m/fpu/libg.a(lib_a-strcasecmp.o)
 .comment       0x0000000000000070       0x39 /usr/lib/gcc/arm-none-eabi/4.9.3/../../../arm-none-eabi/lib/armv7e-m/fpu/libg.a(lib_a-strlen.o)
 .comment       0x0000000000000070       0x39 /usr/lib/gcc/arm-none-eabi/4.9.3/../../../arm-none-eabi/lib/armv7e-m/fpu/libg.a(lib_a-strpbrk.o)
 .comment       0x0000000000000070       0x39 /usr/lib/gcc/arm-none-eabi/4.9.3/../../../arm-none-eabi/lib/armv7e-m/fpu/libg.a(lib_a-strspn.o)

.debug_info     0x0000000000000000    0x12dae
 .debug_info    0x0000000000000000     0x44f1 /tmp/ccJYncID.ltrans0.ltrans.o
 .debug_info    0x00000000000044f1     0x2eea /tmp/ccJYncID.ltrans1.ltrans.o
 .debug_info    0x00000000000073db     0x42f4 /tmp/ccJYncID.ltrans2.ltrans.o
 .debug_info    0x000000000000b6cf     0x3b07 /tmp/ccJYncID.ltrans3.ltrans.o
 .debug_info    0x000000000000f1d6     0x23a9 /tmp/ccJYncID.ltrans4.ltrans.o
 .debug_info    0x000000000001157f       0x6f /usr/lib/gcc/arm-none-eabi/4.9.3/../../../arm-none-eabi/lib/armv7e-m/fpu/libg.a(lib_a-ctype_.o)
 .debug_info    0x00000000000115ee      0x9a7 /usr/lib/gcc/arm-none-eabi/4.9.3/../../../arm-none-eabi/lib/armv7e-m/fpu/libg.a(lib_a-strtol.o)
 .debug_info    0x0000000000011f95      0x894 /usr/lib/gcc/arm-none-eabi/4.9.3/../../../arm-none-eabi/lib/armv7e-m/fpu/libg.a(lib_a-impure.o)
 .debug_info    0x0000000000012829       0xc2 /usr/lib/gcc/arm-none-eabi/4.9.3/armv7e-m/fpu/libgcc.a(_arm_addsubdf3.o)
 .debug_info    0x00000000000128eb      0x117 /usr/lib/gcc/arm-none-eabi/4.9.3/../../../arm-none-eabi/lib/armv7e-m/fpu/libg.a(lib_a-memset.o)
 .debug_info    0x0000000000012a02      0x155 /usr/lib/gcc/arm-none-eabi/4.9.3/../../../arm-none-eabi/lib/armv7e-m/fpu/libg.a(lib_a-strcasecmp.o)
 .debug_info    0x0000000000012b57       0xb5 /usr/lib/gcc/arm-none-eabi/4.9.3/../../../arm-none-eabi/lib/armv7e-m/fpu/libg.a(lib_a-strlen.o)
 .debug_info    0x0000000000012c0c       0xc8 /usr/lib/gcc/arm-none-eabi/4.9.3/../../../arm-none-eabi/lib/armv7e-m/fpu/libg.a(lib_a-strpbrk.o)
 .debug_info    0x0000000000012cd4       0xda /usr/lib/gcc/arm-none-eabi/4.9.3/../../../arm-none-eabi/lib/armv7e-m/fpu/libg.a(lib_a-strspn.o)

.debug_abbrev   0x0000000000000000     0x22ce
 .debug_abbrev  0x0000000000000000      0x6a7 /tmp/ccJYncID.ltrans0.ltrans.o
 .debug_abbrev  0x00000000000006a7      0x584 /tmp/ccJYncID.ltrans1.ltrans.o
 .debug_abbrev  0x0000000000000c2b      0x597 /tmp/ccJYncID.ltrans2.ltrans.o
 .debug_abbrev  0x00000000000011c2      0x60a /tmp/ccJYncID.ltrans3.ltrans.o
 .debug_abbrev  0x00000000000017cc      0x44e /tmp/ccJYncID.ltrans4.ltrans.o
 .debug_abbrev  0x0000000000001c1a       0x4e /usr/lib/gcc/arm-none-eabi/4.9.3/../../../arm-none-eabi/lib/armv7e-m/fpu/libg.a(lib_a-ctype_.o)
 .debug_abbrev  0x0000000000001c68      0x207 /usr/lib/gcc/arm-none-eabi/4.9.3/../../../arm-none-eabi/lib/armv7e-m/fpu/libg.a(lib_a-strtol.o)
 .debug_abbrev  0x0000000000001e6f      0x180 /usr/lib/gcc/arm-none-eabi/4.9.3/../../../arm-none-eabi/lib/armv7e-m/fpu/libg.a(lib_a-impure.o)
 .debug_abbrev  0x0000000000001fef       0x14 /usr/lib/gcc/arm-none-eabi/4.9.3/armv7e-m/fpu/libgcc.a(_arm_addsubdf3.o)
 .debug_abbrev  0x0000000000002003       0x9f /usr/lib/gcc/arm-none-eabi/4.9.3/../../../arm-none-eabi/lib/armv7e-m/fpu/libg.a(lib_a-memset.o)
 .debug_abbrev  0x00000000000020a2       0xad /usr/lib/gcc/arm-none-eabi/4.9.3/../../../arm-none-eabi/lib/armv7e-m/fpu/libg.a(lib_a-strcasecmp.o)
 .debug_abbrev  0x000000000000214f       0x70 /usr/lib/gcc/arm-none-eabi/4.9.3/../../../arm-none-eabi/lib/armv7e-m/fpu/libg.a(lib_a-strlen.o)
 .debug_abbrev  0x00000000000021bf       0x81 /usr/lib/gcc/arm-none-eabi/4.9.3/../../../arm-none-eabi/lib/armv7e-m/fpu/libg.a(lib_a-strpbrk.o)
 .debug_abbrev  0x0000000000002240       0x8e /usr/lib/gcc/arm-none-eabi/4.9.3/../../../arm-none-eabi/lib/armv7e-m/fpu/libg.a(lib_a-strspn.o)

.debug_loc      0x0000000000000000     0x5090
 .debug_loc     0x0000000000000000     0x16ac /tmp/ccJYncID.ltrans0.ltrans.o
 .debug_loc     0x00000000000016ac      0xc91 /tmp/ccJYncID.ltrans1.ltrans.o
 .debug_loc     0x000000000000233d      0xaf1 /tmp/ccJYncID.ltrans2.ltrans.o
 .debug_loc     0x0000000000002e2e      0xfaa /tmp/ccJYncID.ltrans3.ltrans.o
 .debug_loc     0x0000000000003dd8      0x9f5 /tmp/ccJYncID.ltrans4.ltrans.o
 .debug_loc     0x00000000000047cd      0x33f /usr/lib/gcc/arm-none-eabi/4.9.3/../../../arm-none-eabi/lib/armv7e-m/fpu/libg.a(lib_a-strtol.o)
 .debug_loc     0x0000000000004b0c      0x1ae /usr/lib/gcc/arm-none-eabi/4.9.3/../../../arm-none-eabi/lib/armv7e-m/fpu/libg.a(lib_a-memset.o)
 .debug_loc     0x0000000000004cba      0x248 /usr/lib/gcc/arm-none-eabi/4.9.3/../../../arm-none-eabi/lib/armv7e-m/fpu/libg.a(lib_a-strcasecmp.o)
 .debug_loc     0x0000000000004f02       0x21 /usr/lib/gcc/arm-none-eabi/4.9.3/../../../arm-none-eabi/lib/armv7e-m/fpu/libg.a(lib_a-strlen.o)
 .debug_loc     0x0000000000004f23       0xb7 /usr/lib/gcc/arm-none-eabi/4.9.3/../../../arm-none-eabi/lib/armv7e-m/fpu/libg.a(lib_a-strpbrk.o)
 .debug_loc     0x0000000000004fda       0xb6 /usr/lib/gcc/arm-none-eabi/4.9.3/../../../arm-none-eabi/lib/armv7e-m/fpu/libg.a(lib_a-strspn.o)

.debug_aranges  0x0000000000000000      0x548
 .debug_aranges
                0x0000000000000000      0x1d0 /tmp/ccJYncID.ltrans0.ltrans.o
 .debug_aranges
                0x00000000000001d0      0x118 /tmp/ccJYncID.ltrans1.ltrans.o
 .debug_aranges
                0x00000000000002e8       0x30 /tmp/ccJYncID.ltrans2.ltrans.o
 .debug_aranges
                0x0000000000000318       0xb0 /tmp/ccJYncID.ltrans3.ltrans.o
 .debug_aranges
                0x00000000000003c8       0x68 /tmp/ccJYncID.ltrans4.ltrans.o
 .debug_aranges
                0x0000000000000430       0x18 /usr/lib/gcc/arm-none-eabi/4.9.3/../../../arm-none-eabi/lib/armv7e-m/fpu/libg.a(lib_a-ctype_.o)
 .debug_aranges
                0x0000000000000448       0x28 /usr/lib/gcc/arm-none-eabi/4.9.3/../../../arm-none-eabi/lib/armv7e-m/fpu/libg.a(lib_a-strtol.o)
 .debug_aranges
                0x0000000000000470       0x18 /usr/lib/gcc/arm-none-eabi/4.9.3/../../../arm-none-eabi/lib/armv7e-m/fpu/libg.a(lib_a-impure.o)
 .debug_aranges
                0x0000000000000488       0x20 /usr/lib/gcc/arm-none-eabi/4.9.3/armv7e-m/fpu/libgcc.a(_arm_addsubdf3.o)
 .debug_aranges
                0x00000000000004a8       0x20 /usr/lib/gcc/arm-none-eabi/4.9.3/../../../arm-none-eabi/lib/armv7e-m/fpu/libg.a(lib_a-memset.o)
 .debug_aranges
                0x00000000000004c8       0x20 /usr/lib/gcc/arm-none-eabi/4.9.3/../../../arm-none-eabi/lib/armv7e-m/fpu/libg.a(lib_a-strcasecmp.o)
 .debug_aranges
                0x00000000000004e8       0x20 /usr/lib/gcc/arm-none-eabi/4.9.3/../../../arm-none-eabi/lib/armv7e-m/fpu/libg.a(lib_a-strlen.o)
 .debug_aranges
                0x0000000000000508       0x20 /usr/lib/gcc/arm-none-eabi/4.9.3/../../../arm-none-eabi/lib/armv7e-m/fpu/libg.a(lib_a-strpbrk.o)
 .debug_aranges
                0x0000000000000528       0x20 /usr/lib/gcc/arm-none-eabi/4.9.3/../../../arm-none-eabi/lib/armv7e-m/fpu/libg.a(lib_a-strspn.o)

.debug_ranges   0x0000000000000000      0xed8
 .debug_ranges  0x0000000000000000      0x398 /tmp/ccJYncID.ltrans0.ltrans.o
 .debug_ranges  0x0000000000000398      0x1e0 /tmp/ccJYncID.ltrans1.ltrans.o
 .debug_ranges  0x0000000000000578      0x560 /tmp/ccJYncID.ltrans2.ltrans.o
 .debug_ranges  0x0000000000000ad8      0x248 /tmp/ccJYncID.ltrans3.ltrans.o
 .debug_ranges  0x0000000000000d20      0x120 /tmp/ccJYncID.ltrans4.ltrans.o
 .debug_ranges  0x0000000000000e40       0x18 /usr/lib/gcc/arm-none-eabi/4.9.3/../../../arm-none-eabi/lib/armv7e-m/fpu/libg.a(lib_a-strtol.o)
 .debug_ranges  0x0000000000000e58       0x10 /usr/lib/gcc/arm-none-eabi/4.9.3/../../../arm-none-eabi/lib/armv7e-m/fpu/libg.a(lib_a-memset.o)
 .debug_ranges  0x0000000000000e68       0x40 /usr/lib/gcc/arm-none-eabi/4.9.3/../../../arm-none-eabi/lib/armv7e-m/fpu/libg.a(lib_a-strcasecmp.o)
 .debug_ranges  0x0000000000000ea8       0x10 /usr/lib/gcc/arm-none-eabi/4.9.3/../../../arm-none-eabi/lib/armv7e-m/fpu/libg.a(lib_a-strlen.o)
 .debug_ranges  0x0000000000000eb8       0x10 /usr/lib/gcc/arm-none-eabi/4.9.3/../../../arm-none-eabi/lib/armv7e-m/fpu/libg.a(lib_a-strpbrk.o)
 .debug_ranges  0x0000000000000ec8       0x10 /usr/lib/gcc/arm-none-eabi/4.9.3/../../../arm-none-eabi/lib/armv7e-m/fpu/libg.a(lib_a-strspn.o)

.debug_line     0x0000000000000000     0x4099
 .debug_line    0x0000000000000000      0xee6 /tmp/ccJYncID.ltrans0.ltrans.o
 .debug_line    0x0000000000000ee6      0xacc /tmp/ccJYncID.ltrans1.ltrans.o
 .debug_line    0x00000000000019b2      0xc30 /tmp/ccJYncID.ltrans2.ltrans.o
 .debug_line    0x00000000000025e2      0xa2f /tmp/ccJYncID.ltrans3.ltrans.o
 .debug_line    0x0000000000003011      0x6ff /tmp/ccJYncID.ltrans4.ltrans.o
 .debug_line    0x0000000000003710       0x72 /usr/lib/gcc/arm-none-eabi/4.9.3/../../../arm-none-eabi/lib/armv7e-m/fpu/libg.a(lib_a-ctype_.o)
 .debug_line    0x0000000000003782      0x1e8 /usr/lib/gcc/arm-none-eabi/4.9.3/../../../arm-none-eabi/lib/armv7e-m/fpu/libg.a(lib_a-strtol.o)
 .debug_line    0x000000000000396a       0xf4 /usr/lib/gcc/arm-none-eabi/4.9.3/../../../arm-none-eabi/lib/armv7e-m/fpu/libg.a(lib_a-impure.o)
 .debug_line    0x0000000000003a5e      0x179 /usr/lib/gcc/arm-none-eabi/4.9.3/armv7e-m/fpu/libgcc.a(_arm_addsubdf3.o)
 .debug_line    0x0000000000003bd7      0x11c /usr/lib/gcc/arm-none-eabi/4.9.3/../../../arm-none-eabi/lib/armv7e-m/fpu/libg.a(lib_a-memset.o)
 .debug_line    0x0000000000003cf3       0xe3 /usr/lib/gcc/arm-none-eabi/4.9.3/../../../arm-none-eabi/lib/armv7e-m/fpu/libg.a(lib_a-strcasecmp.o)
 .debug_line    0x0000000000003dd6       0xf5 /usr/lib/gcc/arm-none-eabi/4.9.3/../../../arm-none-eabi/lib/armv7e-m/fpu/libg.a(lib_a-strlen.o)
 .debug_line    0x0000000000003ecb       0xd1 /usr/lib/gcc/arm-none-eabi/4.9.3/../../../arm-none-eabi/lib/armv7e-m/fpu/libg.a(lib_a-strpbrk.o)
 .debug_line    0x0000000000003f9c       0xfd /usr/lib/gcc/arm-none-eabi/4.9.3/../../../arm-none-eabi/lib/armv7e-m/fpu/libg.a(lib_a-strspn.o)

.debug_str      0x0000000000000000     0x3647
 .debug_str     0x0000000000000000     0x10a0 /tmp/ccJYncID.ltrans0.ltrans.o
                                       0x11cc (size before relaxing)
 .debug_str     0x00000000000010a0      0x74e /tmp/ccJYncID.ltrans1.ltrans.o
                                       0x117d (size before relaxing)
 .debug_str     0x00000000000017ee      0xe86 /tmp/ccJYncID.ltrans2.ltrans.o
                                       0x1c75 (size before relaxing)
 .debug_str     0x0000000000002674      0x44a /tmp/ccJYncID.ltrans3.ltrans.o
                                       0x1253 (size before relaxing)
 .debug_str     0x0000000000002abe      0x2b1 /tmp/ccJYncID.ltrans4.ltrans.o
                                        0xff8 (size before relaxing)
 .debug_str     0x0000000000002d6f      0x188 /usr/lib/gcc/arm-none-eabi/4.9.3/../../../arm-none-eabi/lib/armv7e-m/fpu/libg.a(lib_a-ctype_.o)
                                        0x18d (size before relaxing)
 .debug_str     0x0000000000002ef7      0x4a6 /usr/lib/gcc/arm-none-eabi/4.9.3/../../../arm-none-eabi/lib/armv7e-m/fpu/libg.a(lib_a-strtol.o)
                                        0x602 (size before relaxing)
 .debug_str     0x000000000000339d       0xb8 /usr/lib/gcc/arm-none-eabi/4.9.3/../../../arm-none-eabi/lib/armv7e-m/fpu/libg.a(lib_a-impure.o)
                                        0x5dc (size before relaxing)
 .debug_str     0x0000000000003455       0xa8 /usr/lib/gcc/arm-none-eabi/4.9.3/../../../arm-none-eabi/lib/armv7e-m/fpu/libg.a(lib_a-memset.o)
                                        0x21f (size before relaxing)
 .debug_str     0x00000000000034fd       0x3f /usr/lib/gcc/arm-none-eabi/4.9.3/../../../arm-none-eabi/lib/armv7e-m/fpu/libg.a(lib_a-strcasecmp.o)
                                        0x224 (size before relaxing)
 .debug_str     0x000000000000353c       0xa8 /usr/lib/gcc/arm-none-eabi/4.9.3/../../../arm-none-eabi/lib/armv7e-m/fpu/libg.a(lib_a-strlen.o)
                                        0x218 (size before relaxing)
 .debug_str     0x00000000000035e4       0x32 /usr/lib/gcc/arm-none-eabi/4.9.3/../../../arm-none-eabi/lib/armv7e-m/fpu/libg.a(lib_a-strpbrk.o)
                                        0x206 (size before relaxing)
 .debug_str     0x0000000000003616       0x31 /usr/lib/gcc/arm-none-eabi/4.9.3/../../../arm-none-eabi/lib/armv7e-m/fpu/libg.a(lib_a-strspn.o)
                                        0x20b (size before relaxing)

.debug_frame    0x0000000000000000      0xe0c
 .debug_frame   0x0000000000000000      0x560 /tmp/ccJYncID.ltrans0.ltrans.o
 .debug_frame   0x0000000000000560      0x38c /tmp/ccJYncID.ltrans1.ltrans.o
 .debug_frame   0x00000000000008ec       0x5c /tmp/ccJYncID.ltrans2.ltrans.o
 .debug_frame   0x0000000000000948      0x250 /tmp/ccJYncID.ltrans3.ltrans.o
 .debug_frame   0x0000000000000b98      0x138 /tmp/ccJYncID.ltrans4.ltrans.o
 .debug_frame   0x0000000000000cd0       0x54 /usr/lib/gcc/arm-none-eabi/4.9.3/../../../arm-none-eabi/lib/armv7e-m/fpu/libg.a(lib_a-strtol.o)
 .debug_frame   0x0000000000000d24       0x34 /usr/lib/gcc/arm-none-eabi/4.9.3/../../../arm-none-eabi/lib/armv7e-m/fpu/libg.a(lib_a-memset.o)
 .debug_frame   0x0000000000000d58       0x2c /usr/lib/gcc/arm-none-eabi/4.9.3/../../../arm-none-eabi/lib/armv7e-m/fpu/libg.a(lib_a-strcasecmp.o)
 .debug_frame   0x0000000000000d84       0x20 /usr/lib/gcc/arm-none-eabi/4.9.3/../../../arm-none-eabi/lib/armv7e-m/fpu/libg.a(lib_a-strlen.o)
 .debug_frame   0x0000000000000da4       0x34 /usr/lib/gcc/arm-none-eabi/4.9.3/../../../arm-none-eabi/lib/armv7e-m/fpu/libg.a(lib_a-strpbrk.o)
 .debug_frame   0x0000000000000dd8       0x34 /usr/lib/gcc/arm-none-eabi/4.9.3/../../../arm-none-eabi/lib/armv7e-m/fpu/libg.a(lib_a-strspn.o)

Cross Reference Table

Symbol                                            File
ADCD1                                             /tmp/ccJYncID.ltrans4.ltrans.o
                                                  build/obj/adc_lld.o (symbol from plugin)
                                                  /tmp/ccJYncID.ltrans2.ltrans.o
                                                  /tmp/ccJYncID.ltrans1.ltrans.o
                                                  build/obj/main.o (symbol from plugin)
ADCD3                                             /tmp/ccJYncID.ltrans2.ltrans.o
                                                  build/obj/adc_lld.o (symbol from plugin)
                                                  /tmp/ccJYncID.ltrans1.ltrans.o
BusFault_Handler                                  /tmp/ccJYncID.ltrans0.ltrans.o
                                                  build/obj/vectors.o (symbol from plugin)
                                                  /tmp/ccJYncID.ltrans1.ltrans.o
DebugMon_Handler                                  /tmp/ccJYncID.ltrans0.ltrans.o
                                                  build/obj/vectors.o (symbol from plugin)
                                                  /tmp/ccJYncID.ltrans1.ltrans.o
EXTD1                                             /tmp/ccJYncID.ltrans2.ltrans.o
                                                  build/obj/ext_lld.o (symbol from plugin)
                                                  /tmp/ccJYncID.ltrans1.ltrans.o
                                                  build/obj/ext_lld_isr.o (symbol from plugin)
HardFault_Handler                                 /tmp/ccJYncID.ltrans0.ltrans.o
                                                  build/obj/vectors.o (symbol from plugin)
                                                  /tmp/ccJYncID.ltrans1.ltrans.o
I2CD1                                             /tmp/ccJYncID.ltrans4.ltrans.o
                                                  build/obj/i2c_lld.o (symbol from plugin)
                                                  /tmp/ccJYncID.ltrans3.ltrans.o
                                                  /tmp/ccJYncID.ltrans2.ltrans.o
                                                  /tmp/ccJYncID.ltrans1.ltrans.o
                                                  build/obj/main.o (symbol from plugin)
MemManage_Handler                                 /tmp/ccJYncID.ltrans0.ltrans.o
                                                  build/obj/vectors.o (symbol from plugin)
                                                  /tmp/ccJYncID.ltrans1.ltrans.o
NMI_Handler                                       /tmp/ccJYncID.ltrans0.ltrans.o
                                                  build/obj/vectors.o (symbol from plugin)
                                                  /tmp/ccJYncID.ltrans1.ltrans.o
PWMD3                                             /tmp/ccJYncID.ltrans2.ltrans.o
                                                  build/obj/pwm_lld.o (symbol from plugin)
                                                  /tmp/ccJYncID.ltrans3.ltrans.o
                                                  /tmp/ccJYncID.ltrans1.ltrans.o
                                                  build/obj/main.o (symbol from plugin)
PendSV_Handler                                    /tmp/ccJYncID.ltrans0.ltrans.o
                                                  build/obj/vectors.o (symbol from plugin)
                                                  /tmp/ccJYncID.ltrans1.ltrans.o
Reset_Handler                                     build/obj/crt0_v7m.o
                                                  /tmp/ccJYncID.ltrans1.ltrans.o
SD1                                               /tmp/ccJYncID.ltrans2.ltrans.o
                                                  build/obj/serial_lld.o (symbol from plugin)
                                                  /tmp/ccJYncID.ltrans3.ltrans.o
                                                  /tmp/ccJYncID.ltrans1.ltrans.o
                                                  /tmp/ccJYncID.ltrans0.ltrans.o
                                                  build/obj/main.o (symbol from plugin)
SD2                                               /tmp/ccJYncID.ltrans2.ltrans.o
                                                  build/obj/serial_lld.o (symbol from plugin)
                                                  /tmp/ccJYncID.ltrans3.ltrans.o
                                                  /tmp/ccJYncID.ltrans1.ltrans.o
                                                  /tmp/ccJYncID.ltrans0.ltrans.o
                                                  build/obj/main.o (symbol from plugin)
SVC_Handler                                       /tmp/ccJYncID.ltrans0.ltrans.o
                                                  build/obj/chcore_v7m.o (symbol from plugin)
                                                  build/obj/vectors.o (symbol from plugin)
                                                  /tmp/ccJYncID.ltrans1.ltrans.o
SysTick_Handler                                   /tmp/ccJYncID.ltrans0.ltrans.o
                                                  build/obj/st_lld.o (symbol from plugin)
                                                  build/obj/vectors.o (symbol from plugin)
                                                  /tmp/ccJYncID.ltrans1.ltrans.o
SystemCoreClock                                   build/obj/hal_lld.o (symbol from plugin)
Thread1.lto_priv.60                               /tmp/ccJYncID.ltrans3.ltrans.o
                                                  /tmp/ccJYncID.ltrans2.ltrans.o
Thread2.lto_priv.61                               /tmp/ccJYncID.ltrans3.ltrans.o
                                                  /tmp/ccJYncID.ltrans2.ltrans.o
Thread3.lto_priv.62                               /tmp/ccJYncID.ltrans3.ltrans.o
                                                  /tmp/ccJYncID.ltrans2.ltrans.o
UsageFault_Handler                                /tmp/ccJYncID.ltrans0.ltrans.o
                                                  build/obj/vectors.o (symbol from plugin)
                                                  /tmp/ccJYncID.ltrans1.ltrans.o
Vector100                                         /tmp/ccJYncID.ltrans0.ltrans.o
                                                  build/obj/vectors.o (symbol from plugin)
                                                  /tmp/ccJYncID.ltrans1.ltrans.o
Vector104                                         /tmp/ccJYncID.ltrans0.ltrans.o
                                                  build/obj/vectors.o (symbol from plugin)
                                                  /tmp/ccJYncID.ltrans1.ltrans.o
Vector108                                         /tmp/ccJYncID.ltrans0.ltrans.o
                                                  build/obj/vectors.o (symbol from plugin)
                                                  /tmp/ccJYncID.ltrans1.ltrans.o
Vector10C                                         /tmp/ccJYncID.ltrans0.ltrans.o
                                                  build/obj/vectors.o (symbol from plugin)
                                                  /tmp/ccJYncID.ltrans1.ltrans.o
Vector110                                         /tmp/ccJYncID.ltrans0.ltrans.o
                                                  build/obj/vectors.o (symbol from plugin)
                                                  /tmp/ccJYncID.ltrans1.ltrans.o
Vector114                                         /tmp/ccJYncID.ltrans0.ltrans.o
                                                  build/obj/vectors.o (symbol from plugin)
                                                  /tmp/ccJYncID.ltrans1.ltrans.o
Vector118                                         /tmp/ccJYncID.ltrans0.ltrans.o
                                                  build/obj/vectors.o (symbol from plugin)
                                                  /tmp/ccJYncID.ltrans1.ltrans.o
Vector11C                                         /tmp/ccJYncID.ltrans0.ltrans.o
                                                  build/obj/vectors.o (symbol from plugin)
                                                  /tmp/ccJYncID.ltrans1.ltrans.o
Vector120                                         /tmp/ccJYncID.ltrans0.ltrans.o
                                                  build/obj/stm32_dma.o (symbol from plugin)
                                                  build/obj/vectors.o (symbol from plugin)
                                                  /tmp/ccJYncID.ltrans1.ltrans.o
Vector124                                         /tmp/ccJYncID.ltrans0.ltrans.o
                                                  build/obj/stm32_dma.o (symbol from plugin)
                                                  build/obj/vectors.o (symbol from plugin)
                                                  /tmp/ccJYncID.ltrans1.ltrans.o
Vector128                                         /tmp/ccJYncID.ltrans0.ltrans.o
                                                  build/obj/stm32_dma.o (symbol from plugin)
                                                  build/obj/vectors.o (symbol from plugin)
                                                  /tmp/ccJYncID.ltrans1.ltrans.o
Vector12C                                         /tmp/ccJYncID.ltrans0.ltrans.o
                                                  build/obj/stm32_dma.o (symbol from plugin)
                                                  build/obj/vectors.o (symbol from plugin)
                                                  /tmp/ccJYncID.ltrans1.ltrans.o
Vector130                                         /tmp/ccJYncID.ltrans0.ltrans.o
                                                  build/obj/stm32_dma.o (symbol from plugin)
                                                  build/obj/vectors.o (symbol from plugin)
                                                  /tmp/ccJYncID.ltrans1.ltrans.o
Vector134                                         build/obj/adc_lld.o (symbol from plugin)
                                                  build/obj/vectors.o (symbol from plugin)
Vector138                                         /tmp/ccJYncID.ltrans0.ltrans.o
                                                  build/obj/vectors.o (symbol from plugin)
                                                  /tmp/ccJYncID.ltrans1.ltrans.o
Vector13C                                         /tmp/ccJYncID.ltrans0.ltrans.o
                                                  build/obj/vectors.o (symbol from plugin)
                                                  /tmp/ccJYncID.ltrans1.ltrans.o
Vector140                                         build/obj/ext_lld_isr.o (symbol from plugin)
                                                  build/obj/vectors.o (symbol from plugin)
Vector144                                         build/obj/ext_lld_isr.o (symbol from plugin)
                                                  build/obj/vectors.o (symbol from plugin)
Vector148                                         build/obj/ext_lld_isr.o (symbol from plugin)
                                                  build/obj/vectors.o (symbol from plugin)
Vector14C                                         /tmp/ccJYncID.ltrans0.ltrans.o
                                                  build/obj/vectors.o (symbol from plugin)
                                                  /tmp/ccJYncID.ltrans1.ltrans.o
Vector150                                         /tmp/ccJYncID.ltrans0.ltrans.o
                                                  build/obj/vectors.o (symbol from plugin)
                                                  /tmp/ccJYncID.ltrans1.ltrans.o
Vector154                                         /tmp/ccJYncID.ltrans0.ltrans.o
                                                  build/obj/vectors.o (symbol from plugin)
                                                  /tmp/ccJYncID.ltrans1.ltrans.o
Vector158                                         /tmp/ccJYncID.ltrans0.ltrans.o
                                                  build/obj/vectors.o (symbol from plugin)
                                                  /tmp/ccJYncID.ltrans1.ltrans.o
Vector15C                                         /tmp/ccJYncID.ltrans0.ltrans.o
                                                  build/obj/vectors.o (symbol from plugin)
                                                  /tmp/ccJYncID.ltrans1.ltrans.o
Vector160                                         /tmp/ccJYncID.ltrans0.ltrans.o
                                                  build/obj/vectors.o (symbol from plugin)
                                                  /tmp/ccJYncID.ltrans1.ltrans.o
Vector164                                         /tmp/ccJYncID.ltrans0.ltrans.o
                                                  build/obj/vectors.o (symbol from plugin)
                                                  /tmp/ccJYncID.ltrans1.ltrans.o
Vector168                                         /tmp/ccJYncID.ltrans0.ltrans.o
                                                  build/obj/vectors.o (symbol from plugin)
                                                  /tmp/ccJYncID.ltrans1.ltrans.o
Vector16C                                         /tmp/ccJYncID.ltrans0.ltrans.o
                                                  build/obj/vectors.o (symbol from plugin)
                                                  /tmp/ccJYncID.ltrans1.ltrans.o
Vector170                                         /tmp/ccJYncID.ltrans0.ltrans.o
                                                  build/obj/vectors.o (symbol from plugin)
                                                  /tmp/ccJYncID.ltrans1.ltrans.o
Vector174                                         /tmp/ccJYncID.ltrans0.ltrans.o
                                                  build/obj/vectors.o (symbol from plugin)
                                                  /tmp/ccJYncID.ltrans1.ltrans.o
Vector178                                         /tmp/ccJYncID.ltrans0.ltrans.o
                                                  build/obj/vectors.o (symbol from plugin)
                                                  /tmp/ccJYncID.ltrans1.ltrans.o
Vector17C                                         /tmp/ccJYncID.ltrans0.ltrans.o
                                                  build/obj/vectors.o (symbol from plugin)
                                                  /tmp/ccJYncID.ltrans1.ltrans.o
Vector180                                         /tmp/ccJYncID.ltrans0.ltrans.o
                                                  build/obj/vectors.o (symbol from plugin)
                                                  /tmp/ccJYncID.ltrans1.ltrans.o
Vector184                                         /tmp/ccJYncID.ltrans0.ltrans.o
                                                  build/obj/vectors.o (symbol from plugin)
                                                  /tmp/ccJYncID.ltrans1.ltrans.o
Vector188                                         /tmp/ccJYncID.ltrans0.ltrans.o
                                                  build/obj/vectors.o (symbol from plugin)
                                                  /tmp/ccJYncID.ltrans1.ltrans.o
Vector18C                                         /tmp/ccJYncID.ltrans0.ltrans.o
                                                  build/obj/vectors.o (symbol from plugin)
                                                  /tmp/ccJYncID.ltrans1.ltrans.o
Vector190                                         /tmp/ccJYncID.ltrans0.ltrans.o
                                                  build/obj/vectors.o (symbol from plugin)
                                                  /tmp/ccJYncID.ltrans1.ltrans.o
Vector194                                         /tmp/ccJYncID.ltrans0.ltrans.o
                                                  build/obj/vectors.o (symbol from plugin)
                                                  /tmp/ccJYncID.ltrans1.ltrans.o
Vector198                                         /tmp/ccJYncID.ltrans0.ltrans.o
                                                  build/obj/vectors.o (symbol from plugin)
                                                  /tmp/ccJYncID.ltrans1.ltrans.o
Vector19C                                         /tmp/ccJYncID.ltrans0.ltrans.o
                                                  build/obj/vectors.o (symbol from plugin)
                                                  /tmp/ccJYncID.ltrans1.ltrans.o
Vector1C                                          /tmp/ccJYncID.ltrans0.ltrans.o
                                                  build/obj/vectors.o (symbol from plugin)
                                                  /tmp/ccJYncID.ltrans1.ltrans.o
Vector20                                          /tmp/ccJYncID.ltrans0.ltrans.o
                                                  build/obj/vectors.o (symbol from plugin)
                                                  /tmp/ccJYncID.ltrans1.ltrans.o
Vector24                                          /tmp/ccJYncID.ltrans0.ltrans.o
                                                  build/obj/vectors.o (symbol from plugin)
                                                  /tmp/ccJYncID.ltrans1.ltrans.o
Vector28                                          /tmp/ccJYncID.ltrans0.ltrans.o
                                                  build/obj/vectors.o (symbol from plugin)
                                                  /tmp/ccJYncID.ltrans1.ltrans.o
Vector34                                          /tmp/ccJYncID.ltrans0.ltrans.o
                                                  build/obj/vectors.o (symbol from plugin)
                                                  /tmp/ccJYncID.ltrans1.ltrans.o
Vector40                                          /tmp/ccJYncID.ltrans0.ltrans.o
                                                  build/obj/vectors.o (symbol from plugin)
                                                  /tmp/ccJYncID.ltrans1.ltrans.o
Vector44                                          build/obj/ext_lld_isr.o (symbol from plugin)
                                                  build/obj/vectors.o (symbol from plugin)
Vector48                                          build/obj/ext_lld_isr.o (symbol from plugin)
                                                  build/obj/vectors.o (symbol from plugin)
Vector4C                                          build/obj/ext_lld_isr.o (symbol from plugin)
                                                  build/obj/vectors.o (symbol from plugin)
Vector50                                          /tmp/ccJYncID.ltrans0.ltrans.o
                                                  build/obj/vectors.o (symbol from plugin)
                                                  /tmp/ccJYncID.ltrans1.ltrans.o
Vector54                                          /tmp/ccJYncID.ltrans0.ltrans.o
                                                  build/obj/vectors.o (symbol from plugin)
                                                  /tmp/ccJYncID.ltrans1.ltrans.o
Vector58                                          build/obj/ext_lld_isr.o (symbol from plugin)
                                                  build/obj/vectors.o (symbol from plugin)
Vector5C                                          build/obj/ext_lld_isr.o (symbol from plugin)
                                                  build/obj/vectors.o (symbol from plugin)
Vector60                                          build/obj/ext_lld_isr.o (symbol from plugin)
                                                  build/obj/vectors.o (symbol from plugin)
Vector64                                          build/obj/ext_lld_isr.o (symbol from plugin)
                                                  build/obj/vectors.o (symbol from plugin)
Vector68                                          build/obj/ext_lld_isr.o (symbol from plugin)
                                                  build/obj/vectors.o (symbol from plugin)
Vector6C                                          /tmp/ccJYncID.ltrans0.ltrans.o
                                                  build/obj/stm32_dma.o (symbol from plugin)
                                                  build/obj/vectors.o (symbol from plugin)
                                                  /tmp/ccJYncID.ltrans1.ltrans.o
Vector70                                          /tmp/ccJYncID.ltrans0.ltrans.o
                                                  build/obj/stm32_dma.o (symbol from plugin)
                                                  build/obj/vectors.o (symbol from plugin)
                                                  /tmp/ccJYncID.ltrans1.ltrans.o
Vector74                                          /tmp/ccJYncID.ltrans0.ltrans.o
                                                  build/obj/stm32_dma.o (symbol from plugin)
                                                  build/obj/vectors.o (symbol from plugin)
                                                  /tmp/ccJYncID.ltrans1.ltrans.o
Vector78                                          /tmp/ccJYncID.ltrans0.ltrans.o
                                                  build/obj/stm32_dma.o (symbol from plugin)
                                                  build/obj/vectors.o (symbol from plugin)
                                                  /tmp/ccJYncID.ltrans1.ltrans.o
Vector7C                                          /tmp/ccJYncID.ltrans0.ltrans.o
                                                  build/obj/stm32_dma.o (symbol from plugin)
                                                  build/obj/vectors.o (symbol from plugin)
                                                  /tmp/ccJYncID.ltrans1.ltrans.o
Vector80                                          /tmp/ccJYncID.ltrans0.ltrans.o
                                                  build/obj/stm32_dma.o (symbol from plugin)
                                                  build/obj/vectors.o (symbol from plugin)
                                                  /tmp/ccJYncID.ltrans1.ltrans.o
Vector84                                          /tmp/ccJYncID.ltrans0.ltrans.o
                                                  build/obj/stm32_dma.o (symbol from plugin)
                                                  build/obj/vectors.o (symbol from plugin)
                                                  /tmp/ccJYncID.ltrans1.ltrans.o
Vector88                                          build/obj/adc_lld.o (symbol from plugin)
                                                  build/obj/vectors.o (symbol from plugin)
Vector8C                                          /tmp/ccJYncID.ltrans0.ltrans.o
                                                  build/obj/vectors.o (symbol from plugin)
                                                  /tmp/ccJYncID.ltrans1.ltrans.o
Vector90                                          /tmp/ccJYncID.ltrans0.ltrans.o
                                                  build/obj/vectors.o (symbol from plugin)
                                                  /tmp/ccJYncID.ltrans1.ltrans.o
Vector94                                          /tmp/ccJYncID.ltrans0.ltrans.o
                                                  build/obj/vectors.o (symbol from plugin)
                                                  /tmp/ccJYncID.ltrans1.ltrans.o
Vector98                                          /tmp/ccJYncID.ltrans0.ltrans.o
                                                  build/obj/vectors.o (symbol from plugin)
                                                  /tmp/ccJYncID.ltrans1.ltrans.o
Vector9C                                          build/obj/ext_lld_isr.o (symbol from plugin)
                                                  build/obj/vectors.o (symbol from plugin)
VectorA0                                          /tmp/ccJYncID.ltrans0.ltrans.o
                                                  build/obj/vectors.o (symbol from plugin)
                                                  /tmp/ccJYncID.ltrans1.ltrans.o
VectorA4                                          /tmp/ccJYncID.ltrans0.ltrans.o
                                                  build/obj/vectors.o (symbol from plugin)
                                                  /tmp/ccJYncID.ltrans1.ltrans.o
VectorA8                                          /tmp/ccJYncID.ltrans0.ltrans.o
                                                  build/obj/vectors.o (symbol from plugin)
                                                  /tmp/ccJYncID.ltrans1.ltrans.o
VectorAC                                          /tmp/ccJYncID.ltrans0.ltrans.o
                                                  build/obj/vectors.o (symbol from plugin)
                                                  /tmp/ccJYncID.ltrans1.ltrans.o
VectorB0                                          /tmp/ccJYncID.ltrans0.ltrans.o
                                                  build/obj/vectors.o (symbol from plugin)
                                                  /tmp/ccJYncID.ltrans1.ltrans.o
VectorB4                                          build/obj/pwm_lld.o (symbol from plugin)
                                                  build/obj/vectors.o (symbol from plugin)
VectorB8                                          /tmp/ccJYncID.ltrans0.ltrans.o
                                                  build/obj/vectors.o (symbol from plugin)
                                                  /tmp/ccJYncID.ltrans1.ltrans.o
VectorBC                                          build/obj/i2c_lld.o (symbol from plugin)
                                                  build/obj/vectors.o (symbol from plugin)
VectorC0                                          build/obj/i2c_lld.o (symbol from plugin)
                                                  build/obj/vectors.o (symbol from plugin)
VectorC4                                          /tmp/ccJYncID.ltrans0.ltrans.o
                                                  build/obj/vectors.o (symbol from plugin)
                                                  /tmp/ccJYncID.ltrans1.ltrans.o
VectorC8                                          /tmp/ccJYncID.ltrans0.ltrans.o
                                                  build/obj/vectors.o (symbol from plugin)
                                                  /tmp/ccJYncID.ltrans1.ltrans.o
VectorCC                                          /tmp/ccJYncID.ltrans0.ltrans.o
                                                  build/obj/vectors.o (symbol from plugin)
                                                  /tmp/ccJYncID.ltrans1.ltrans.o
VectorD0                                          /tmp/ccJYncID.ltrans0.ltrans.o
                                                  build/obj/vectors.o (symbol from plugin)
                                                  /tmp/ccJYncID.ltrans1.ltrans.o
VectorD4                                          build/obj/serial_lld.o (symbol from plugin)
                                                  build/obj/vectors.o (symbol from plugin)
VectorD8                                          build/obj/serial_lld.o (symbol from plugin)
                                                  build/obj/vectors.o (symbol from plugin)
VectorDC                                          /tmp/ccJYncID.ltrans0.ltrans.o
                                                  build/obj/vectors.o (symbol from plugin)
                                                  /tmp/ccJYncID.ltrans1.ltrans.o
VectorE0                                          build/obj/ext_lld_isr.o (symbol from plugin)
                                                  build/obj/vectors.o (symbol from plugin)
VectorE4                                          build/obj/ext_lld_isr.o (symbol from plugin)
                                                  build/obj/vectors.o (symbol from plugin)
VectorE8                                          build/obj/ext_lld_isr.o (symbol from plugin)
                                                  build/obj/vectors.o (symbol from plugin)
VectorEC                                          /tmp/ccJYncID.ltrans0.ltrans.o
                                                  build/obj/vectors.o (symbol from plugin)
                                                  /tmp/ccJYncID.ltrans1.ltrans.o
VectorF0                                          /tmp/ccJYncID.ltrans0.ltrans.o
                                                  build/obj/vectors.o (symbol from plugin)
                                                  /tmp/ccJYncID.ltrans1.ltrans.o
VectorF4                                          /tmp/ccJYncID.ltrans0.ltrans.o
                                                  build/obj/vectors.o (symbol from plugin)
                                                  /tmp/ccJYncID.ltrans1.ltrans.o
VectorF8                                          /tmp/ccJYncID.ltrans0.ltrans.o
                                                  build/obj/vectors.o (symbol from plugin)
                                                  /tmp/ccJYncID.ltrans1.ltrans.o
VectorFC                                          build/obj/adc_lld.o (symbol from plugin)
                                                  build/obj/vectors.o (symbol from plugin)